22:10:15 **** Build of project Raiden_bsp ****
make -k all 
"Running Make include in microblaze_0/libsrc/audio_out_v1_0/src"
make -C microblaze_0/libsrc/audio_out_v1_0/src -s include  "SHELL=CMD" "COMPILER=mb-gcc" "ARCHIVER=mb-ar" "COMPILER_FLAGS= -O2 -c -mcpu=v9.6 -mlittle-endian -mxl-soft-mul" "EXTRA_COMPILER_FLAGS=-g"
"Running Make include in microblaze_0/libsrc/bram_v4_1/src"
make -C microblaze_0/libsrc/bram_v4_1/src -s include  "SHELL=CMD" "COMPILER=mb-gcc" "ARCHIVER=mb-ar" "COMPILER_FLAGS= -O2 -c -mcpu=v9.6 -mlittle-endian -mxl-soft-mul" "EXTRA_COMPILER_FLAGS=-g"
"Running Make include in microblaze_0/libsrc/cpu_v2_5/src"
make -C microblaze_0/libsrc/cpu_v2_5/src -s include  "SHELL=CMD" "COMPILER=mb-gcc" "ARCHIVER=mb-ar" "COMPILER_FLAGS= -O2 -c -mcpu=v9.6 -mlittle-endian -mxl-soft-mul" "EXTRA_COMPILER_FLAGS=-g"
"Running Make include in microblaze_0/libsrc/Graphics_IP_v1_0/src"
make -C microblaze_0/libsrc/Graphics_IP_v1_0/src -s include  "SHELL=CMD" "COMPILER=mb-gcc" "ARCHIVER=mb-ar" "COMPILER_FLAGS= -O2 -c -mcpu=v9.6 -mlittle-endian -mxl-soft-mul" "EXTRA_COMPILER_FLAGS=-g"
"Running Make include in microblaze_0/libsrc/intc_v3_5/src"
make -C microblaze_0/libsrc/intc_v3_5/src -s include  "SHELL=CMD" "COMPILER=mb-gcc" "ARCHIVER=mb-ar" "COMPILER_FLAGS= -O2 -c -mcpu=v9.6 -mlittle-endian -mxl-soft-mul" "EXTRA_COMPILER_FLAGS=-g"
"Running Make include in microblaze_0/libsrc/standalone_v5_5/src"
make -C microblaze_0/libsrc/standalone_v5_5/src -s include  "SHELL=CMD" "COMPILER=mb-gcc" "ARCHIVER=mb-ar" "COMPILER_FLAGS= -O2 -c -mcpu=v9.6 -mlittle-endian -mxl-soft-mul" "EXTRA_COMPILER_FLAGS=-g"
"Running Make include in microblaze_0/libsrc/tft_v6_0/src"
make -C microblaze_0/libsrc/tft_v6_0/src -s include  "SHELL=CMD" "COMPILER=mb-gcc" "ARCHIVER=mb-ar" "COMPILER_FLAGS= -O2 -c -mcpu=v9.6 -mlittle-endian -mxl-soft-mul" "EXTRA_COMPILER_FLAGS=-g"
"Running Make include in microblaze_0/libsrc/uartlite_v3_2/src"
make -C microblaze_0/libsrc/uartlite_v3_2/src -s include  "SHELL=CMD" "COMPILER=mb-gcc" "ARCHIVER=mb-ar" "COMPILER_FLAGS= -O2 -c -mcpu=v9.6 -mlittle-endian -mxl-soft-mul" "EXTRA_COMPILER_FLAGS=-g"
"Running Make libs in microblaze_0/libsrc/audio_out_v1_0/src"
make -C microblaze_0/libsrc/audio_out_v1_0/src -s libs  "SHELL=CMD" "COMPILER=mb-gcc" "ARCHIVER=mb-ar" "COMPILER_FLAGS= -O2 -c -mcpu=v9.6 -mlittle-endian -mxl-soft-mul" "EXTRA_COMPILER_FLAGS=-g"
"Compiling audio_out..."
mb-ar: creating ../../../lib/libxil.a
"Running Make libs in microblaze_0/libsrc/bram_v4_1/src"
make -C microblaze_0/libsrc/bram_v4_1/src -s libs  "SHELL=CMD" "COMPILER=mb-gcc" "ARCHIVER=mb-ar" "COMPILER_FLAGS= -O2 -c -mcpu=v9.6 -mlittle-endian -mxl-soft-mul" "EXTRA_COMPILER_FLAGS=-g"
"Compiling bram"
"Running Make libs in microblaze_0/libsrc/cpu_v2_5/src"
make -C microblaze_0/libsrc/cpu_v2_5/src -s libs  "SHELL=CMD" "COMPILER=mb-gcc" "ARCHIVER=mb-ar" "COMPILER_FLAGS= -O2 -c -mcpu=v9.6 -mlittle-endian -mxl-soft-mul" "EXTRA_COMPILER_FLAGS=-g"
"Compiling cpu"
"Running Make libs in microblaze_0/libsrc/Graphics_IP_v1_0/src"
make -C microblaze_0/libsrc/Graphics_IP_v1_0/src -s libs  "SHELL=CMD" "COMPILER=mb-gcc" "ARCHIVER=mb-ar" "COMPILER_FLAGS= -O2 -c -mcpu=v9.6 -mlittle-endian -mxl-soft-mul" "EXTRA_COMPILER_FLAGS=-g"
"Compiling Graphics_IP..."
"Running Make libs in microblaze_0/libsrc/intc_v3_5/src"
make -C microblaze_0/libsrc/intc_v3_5/src -s libs  "SHELL=CMD" "COMPILER=mb-gcc" "ARCHIVER=mb-ar" "COMPILER_FLAGS= -O2 -c -mcpu=v9.6 -mlittle-endian -mxl-soft-mul" "EXTRA_COMPILER_FLAGS=-g"
"Compiling intc"
"Running Make libs in microblaze_0/libsrc/standalone_v5_5/src"
make -C microblaze_0/libsrc/standalone_v5_5/src -s libs  "SHELL=CMD" "COMPILER=mb-gcc" "ARCHIVER=mb-ar" "COMPILER_FLAGS= -O2 -c -mcpu=v9.6 -mlittle-endian -mxl-soft-mul" "EXTRA_COMPILER_FLAGS=-g"
"Compiling standalone";
"Running Make libs in microblaze_0/libsrc/tft_v6_0/src"
make -C microblaze_0/libsrc/tft_v6_0/src -s libs  "SHELL=CMD" "COMPILER=mb-gcc" "ARCHIVER=mb-ar" "COMPILER_FLAGS= -O2 -c -mcpu=v9.6 -mlittle-endian -mxl-soft-mul" "EXTRA_COMPILER_FLAGS=-g"
"Compiling tft"
"Running Make libs in microblaze_0/libsrc/uartlite_v3_2/src"
make -C microblaze_0/libsrc/uartlite_v3_2/src -s libs  "SHELL=CMD" "COMPILER=mb-gcc" "ARCHIVER=mb-ar" "COMPILER_FLAGS= -O2 -c -mcpu=v9.6 -mlittle-endian -mxl-soft-mul" "EXTRA_COMPILER_FLAGS=-g"
"Compiling uartlite"
'Finished building libraries'
22:10:26 **** Build of configuration Debug for project Raiden ****
make all 
'Building file: ../src/helloworld.c'
'Invoking: MicroBlaze gcc compiler'
mb-gcc -Wall -O0 -g3 -c -fmessage-length=0 -MT"src/helloworld.o" -I../../Raiden_bsp/microblaze_0/include -mlittle-endian -mcpu=v9.6 -mxl-soft-mul -Wl,--no-relax -MMD -MP -MF"src/helloworld.d" -MT"src/helloworld.o" -o "src/helloworld.o" "../src/helloworld.c"
'Finished building: ../src/helloworld.c'
' '
'Building file: ../src/platform.c'
'Invoking: MicroBlaze gcc compiler'
mb-gcc -Wall -O0 -g3 -c -fmessage-length=0 -MT"src/platform.o" -I../../Raiden_bsp/microblaze_0/include -mlittle-endian -mcpu=v9.6 -mxl-soft-mul -Wl,--no-relax -MMD -MP -MF"src/platform.d" -MT"src/platform.o" -o "src/platform.o" "../src/platform.c"
'Finished building: ../src/platform.c'
' '
'Building target: Raiden.elf'
'Invoking: MicroBlaze gcc linker'
mb-gcc -Wl,-T -Wl,../src/lscript.ld -L../../Raiden_bsp/microblaze_0/lib -mlittle-endian -mcpu=v9.6 -mxl-soft-mul -Wl,--no-relax -o "Raiden.elf"  ./src/helloworld.o ./src/platform.o   -Wl,--start-group,-lxil,-lgcc,-lc,--end-group
'Finished building target: Raiden.elf'
' '
'Invoking: MicroBlaze Print Size'
mb-size Raiden.elf  |tee "Raiden.elf.size"
   text	   data	    bss	    dec	    hex	filename
  30728	   1384	   6240	  38352	   95d0	Raiden.elf
'Finished building: Raiden.elf.size'
' '
22:10:40 **** Incremental Build of configuration Debug for project Raiden ****
make all 
make: Nothing to be done for `all'.
22:11:42 **** Auto Build of configuration Debug for project Raiden ****
make all 
'Building target: Raiden.elf'
'Invoking: MicroBlaze gcc linker'
mb-gcc -Wl,-T -Wl,../src/lscript.ld -L../../Raiden_bsp/microblaze_0/lib -mlittle-endian -mcpu=v9.6 -mxl-soft-mul -Wl,--no-relax -o "Raiden.elf"  ./src/helloworld.o ./src/platform.o   -Wl,--start-group,-lxil,-lgcc,-lc,--end-group
'Finished building target: Raiden.elf'
' '
'Invoking: MicroBlaze Print Size'
mb-size Raiden.elf  |tee "Raiden.elf.size"
   text	   data	    bss	    dec	    hex	filename
  30728	   1384	   6240	  38352	   95d0	Raiden.elf
'Finished building: Raiden.elf.size'
' '
22:12:06 **** Incremental Build of configuration Debug for project Raiden ****
make all 
make: Nothing to be done for `all'.
22:13:28 **** Incremental Build of configuration Debug for project Raiden ****
make all 
make: Nothing to be done for `all'.
22:13:54 **** Incremental Build of configuration Debug for project Raiden ****
make all 
make: Nothing to be done for `all'.
22:14:51 **** Incremental Build of configuration Debug for project Raiden ****
make all 
make: Nothing to be done for `all'.
22:16:48 **** Auto Build of configuration Debug for project Raiden ****
make all 
'Building file: ../src/helloworld.c'
'Invoking: MicroBlaze gcc compiler'
mb-gcc -Wall -O0 -g3 -c -fmessage-length=0 -MT"src/helloworld.o" -I../../Raiden_bsp/microblaze_0/include -mlittle-endian -mcpu=v9.6 -mxl-soft-mul -Wl,--no-relax -MMD -MP -MF"src/helloworld.d" -MT"src/helloworld.o" -o "src/helloworld.o" "../src/helloworld.c"
'Finished building: ../src/helloworld.c'
' '
'Building target: Raiden.elf'
'Invoking: MicroBlaze gcc linker'
mb-gcc -Wl,-T -Wl,../src/lscript.ld -L../../Raiden_bsp/microblaze_0/lib -mlittle-endian -mcpu=v9.6 -mxl-soft-mul -Wl,--no-relax -o "Raiden.elf"  ./src/helloworld.o ./src/platform.o   -Wl,--start-group,-lxil,-lgcc,-lc,--end-group
'Finished building target: Raiden.elf'
' '
'Invoking: MicroBlaze Print Size'
mb-size Raiden.elf  |tee "Raiden.elf.size"
   text	   data	    bss	    dec	    hex	filename
  30724	   1384	   6244	  38352	   95d0	Raiden.elf
'Finished building: Raiden.elf.size'
' '
22:16:57 **** Auto Build of configuration Debug for project Raiden ****
make all 
'Building file: ../src/helloworld.c'
'Invoking: MicroBlaze gcc compiler'
mb-gcc -Wall -O0 -g3 -c -fmessage-length=0 -MT"src/helloworld.o" -I../../Raiden_bsp/microblaze_0/include -mlittle-endian -mcpu=v9.6 -mxl-soft-mul -Wl,--no-relax -MMD -MP -MF"src/helloworld.d" -MT"src/helloworld.o" -o "src/helloworld.o" "../src/helloworld.c"
'Finished building: ../src/helloworld.c'
' '
'Building target: Raiden.elf'
'Invoking: MicroBlaze gcc linker'
mb-gcc -Wl,-T -Wl,../src/lscript.ld -L../../Raiden_bsp/microblaze_0/lib -mlittle-endian -mcpu=v9.6 -mxl-soft-mul -Wl,--no-relax -o "Raiden.elf"  ./src/helloworld.o ./src/platform.o   -Wl,--start-group,-lxil,-lgcc,-lc,--end-group
'Finished building target: Raiden.elf'
' '
'Invoking: MicroBlaze Print Size'
mb-size Raiden.elf  |tee "Raiden.elf.size"
   text	   data	    bss	    dec	    hex	filename
  30724	   1384	   6244	  38352	   95d0	Raiden.elf
'Finished building: Raiden.elf.size'
' '
22:17:13 **** Auto Build of configuration Debug for project Raiden ****
make all 
'Building file: ../src/helloworld.c'
'Invoking: MicroBlaze gcc compiler'
mb-gcc -Wall -O0 -g3 -c -fmessage-length=0 -MT"src/helloworld.o" -I../../Raiden_bsp/microblaze_0/include -mlittle-endian -mcpu=v9.6 -mxl-soft-mul -Wl,--no-relax -MMD -MP -MF"src/helloworld.d" -MT"src/helloworld.o" -o "src/helloworld.o" "../src/helloworld.c"
'Finished building: ../src/helloworld.c'
' '
'Building target: Raiden.elf'
'Invoking: MicroBlaze gcc linker'
mb-gcc -Wl,-T -Wl,../src/lscript.ld -L../../Raiden_bsp/microblaze_0/lib -mlittle-endian -mcpu=v9.6 -mxl-soft-mul -Wl,--no-relax -o "Raiden.elf"  ./src/helloworld.o ./src/platform.o   -Wl,--start-group,-lxil,-lgcc,-lc,--end-group
'Finished building target: Raiden.elf'
' '
'Invoking: MicroBlaze Print Size'
mb-size Raiden.elf  |tee "Raiden.elf.size"
   text	   data	    bss	    dec	    hex	filename
  30712	   1384	   6240	  38336	   95c0	Raiden.elf
'Finished building: Raiden.elf.size'
' '
22:17:20 **** Auto Build of configuration Debug for project Raiden ****
make all 
'Building file: ../src/helloworld.c'
'Invoking: MicroBlaze gcc compiler'
mb-gcc -Wall -O0 -g3 -c -fmessage-length=0 -MT"src/helloworld.o" -I../../Raiden_bsp/microblaze_0/include -mlittle-endian -mcpu=v9.6 -mxl-soft-mul -Wl,--no-relax -MMD -MP -MF"src/helloworld.d" -MT"src/helloworld.o" -o "src/helloworld.o" "../src/helloworld.c"
'Finished building: ../src/helloworld.c'
' '
'Building target: Raiden.elf'
'Invoking: MicroBlaze gcc linker'
mb-gcc -Wl,-T -Wl,../src/lscript.ld -L../../Raiden_bsp/microblaze_0/lib -mlittle-endian -mcpu=v9.6 -mxl-soft-mul -Wl,--no-relax -o "Raiden.elf"  ./src/helloworld.o ./src/platform.o   -Wl,--start-group,-lxil,-lgcc,-lc,--end-group
'Finished building target: Raiden.elf'
' '
'Invoking: MicroBlaze Print Size'
mb-size Raiden.elf  |tee "Raiden.elf.size"
   text	   data	    bss	    dec	    hex	filename
  30712	   1384	   6240	  38336	   95c0	Raiden.elf
'Finished building: Raiden.elf.size'
' '
22:17:24 **** Incremental Build of configuration Debug for project Raiden ****
make all 
make: Nothing to be done for `all'.
22:19:57 **** Incremental Build of configuration Debug for project Raiden ****
make all 
make: Nothing to be done for `all'.
23:15:11 **** Auto Build of configuration Debug for project Raiden ****
make all 
'Building file: ../src/helloworld.c'
'Invoking: MicroBlaze gcc compiler'
mb-gcc -Wall -O0 -g3 -c -fmessage-length=0 -MT"src/helloworld.o" -I../../Raiden_bsp/microblaze_0/include -mlittle-endian -mcpu=v9.6 -mxl-soft-mul -Wl,--no-relax -MMD -MP -MF"src/helloworld.d" -MT"src/helloworld.o" -o "src/helloworld.o" "../src/helloworld.c"
'Finished building: ../src/helloworld.c'
' '
'Building target: Raiden.elf'
'Invoking: MicroBlaze gcc linker'
mb-gcc -Wl,-T -Wl,../src/lscript.ld -L../../Raiden_bsp/microblaze_0/lib -mlittle-endian -mcpu=v9.6 -mxl-soft-mul -Wl,--no-relax -o "Raiden.elf"  ./src/helloworld.o ./src/platform.o   -Wl,--start-group,-lxil,-lgcc,-lc,--end-group
'Finished building target: Raiden.elf'
' '
'Invoking: MicroBlaze Print Size'
mb-size Raiden.elf  |tee "Raiden.elf.size"
   text	   data	    bss	    dec	    hex	filename
  30744	   1384	   6240	  38368	   95e0	Raiden.elf
'Finished building: Raiden.elf.size'
' '
23:15:16 **** Incremental Build of configuration Debug for project Raiden ****
make all 
make: Nothing to be done for `all'.
23:16:13 **** Incremental Build of configuration Debug for project Raiden ****
make all 
make: Nothing to be done for `all'.
23:18:01 **** Auto Build of configuration Debug for project Raiden ****
make all 
'Building file: ../src/helloworld.c'
'Invoking: MicroBlaze gcc compiler'
mb-gcc -Wall -O0 -g3 -c -fmessage-length=0 -MT"src/helloworld.o" -I../../Raiden_bsp/microblaze_0/include -mlittle-endian -mcpu=v9.6 -mxl-soft-mul -Wl,--no-relax -MMD -MP -MF"src/helloworld.d" -MT"src/helloworld.o" -o "src/helloworld.o" "../src/helloworld.c"
'Finished building: ../src/helloworld.c'
' '
'Building target: Raiden.elf'
'Invoking: MicroBlaze gcc linker'
mb-gcc -Wl,-T -Wl,../src/lscript.ld -L../../Raiden_bsp/microblaze_0/lib -mlittle-endian -mcpu=v9.6 -mxl-soft-mul -Wl,--no-relax -o "Raiden.elf"  ./src/helloworld.o ./src/platform.o   -Wl,--start-group,-lxil,-lgcc,-lc,--end-group
'Finished building target: Raiden.elf'
' '
'Invoking: MicroBlaze Print Size'
mb-size Raiden.elf  |tee "Raiden.elf.size"
   text	   data	    bss	    dec	    hex	filename
  33964	   1388	   6248	  41600	   a280	Raiden.elf
'Finished building: Raiden.elf.size'
' '
23:18:03 **** Incremental Build of configuration Debug for project Raiden ****
make all 
make: Nothing to be done for `all'.
23:18:11 **** Incremental Build of configuration Debug for project Raiden ****
make all 
make: Nothing to be done for `all'.
02:14:49 **** Incremental Build of configuration Debug for project Raiden ****
make all 
make: Nothing to be done for `all'.
02:16:43 **** Auto Build of configuration Debug for project Raiden ****
make all 
'Building file: ../src/helloworld.c'
'Invoking: MicroBlaze gcc compiler'
mb-gcc -Wall -O0 -g3 -c -fmessage-length=0 -MT"src/helloworld.o" -I../../Raiden_bsp/microblaze_0/include -mlittle-endian -mcpu=v9.6 -mxl-soft-mul -Wl,--no-relax -MMD -MP -MF"src/helloworld.d" -MT"src/helloworld.o" -o "src/helloworld.o" "../src/helloworld.c"
../src/helloworld.c: In function 'main':
../src/helloworld.c:333:1: warning: label 'start' defined but not used [-Wunused-label]
 start:
 ^
'Finished building: ../src/helloworld.c'
' '
'Building target: Raiden.elf'
'Invoking: MicroBlaze gcc linker'
mb-gcc -Wl,-T -Wl,../src/lscript.ld -L../../Raiden_bsp/microblaze_0/lib -mlittle-endian -mcpu=v9.6 -mxl-soft-mul -Wl,--no-relax -o "Raiden.elf"  ./src/helloworld.o ./src/platform.o   -Wl,--start-group,-lxil,-lgcc,-lc,--end-group
'Finished building target: Raiden.elf'
' '
'Invoking: MicroBlaze Print Size'
mb-size Raiden.elf  |tee "Raiden.elf.size"
   text	   data	    bss	    dec	    hex	filename
  30744	   1384	   6240	  38368	   95e0	Raiden.elf
'Finished building: Raiden.elf.size'
' '
02:17:18 **** Auto Build of configuration Debug for project Raiden ****
make all 
'Building file: ../src/helloworld.c'
'Invoking: MicroBlaze gcc compiler'
mb-gcc -Wall -O0 -g3 -c -fmessage-length=0 -MT"src/helloworld.o" -I../../Raiden_bsp/microblaze_0/include -mlittle-endian -mcpu=v9.6 -mxl-soft-mul -Wl,--no-relax -MMD -MP -MF"src/helloworld.d" -MT"src/helloworld.o" -o "src/helloworld.o" "../src/helloworld.c"
'Finished building: ../src/helloworld.c'
' '
'Building target: Raiden.elf'
'Invoking: MicroBlaze gcc linker'
mb-gcc -Wl,-T -Wl,../src/lscript.ld -L../../Raiden_bsp/microblaze_0/lib -mlittle-endian -mcpu=v9.6 -mxl-soft-mul -Wl,--no-relax -o "Raiden.elf"  ./src/helloworld.o ./src/platform.o   -Wl,--start-group,-lxil,-lgcc,-lc,--end-group
'Finished building target: Raiden.elf'
' '
'Invoking: MicroBlaze Print Size'
mb-size Raiden.elf  |tee "Raiden.elf.size"
   text	   data	    bss	    dec	    hex	filename
  30772	   1384	   6244	  38400	   9600	Raiden.elf
'Finished building: Raiden.elf.size'
' '
02:17:40 **** Incremental Build of configuration Debug for project Raiden ****
make all 
make: Nothing to be done for `all'.
02:19:36 **** Auto Build of configuration Debug for project Raiden ****
make all 
'Building file: ../src/helloworld.c'
'Invoking: MicroBlaze gcc compiler'
mb-gcc -Wall -O0 -g3 -c -fmessage-length=0 -MT"src/helloworld.o" -I../../Raiden_bsp/microblaze_0/include -mlittle-endian -mcpu=v9.6 -mxl-soft-mul -Wl,--no-relax -MMD -MP -MF"src/helloworld.d" -MT"src/helloworld.o" -o "src/helloworld.o" "../src/helloworld.c"
'Finished building: ../src/helloworld.c'
' '
'Building target: Raiden.elf'
'Invoking: MicroBlaze gcc linker'
mb-gcc -Wl,-T -Wl,../src/lscript.ld -L../../Raiden_bsp/microblaze_0/lib -mlittle-endian -mcpu=v9.6 -mxl-soft-mul -Wl,--no-relax -o "Raiden.elf"  ./src/helloworld.o ./src/platform.o   -Wl,--start-group,-lxil,-lgcc,-lc,--end-group
'Finished building target: Raiden.elf'
' '
'Invoking: MicroBlaze Print Size'
mb-size Raiden.elf  |tee "Raiden.elf.size"
   text	   data	    bss	    dec	    hex	filename
  30772	   1384	   6244	  38400	   9600	Raiden.elf
'Finished building: Raiden.elf.size'
' '
02:19:50 **** Auto Build of configuration Debug for project Raiden ****
make all 
'Building file: ../src/helloworld.c'
'Invoking: MicroBlaze gcc compiler'
mb-gcc -Wall -O0 -g3 -c -fmessage-length=0 -MT"src/helloworld.o" -I../../Raiden_bsp/microblaze_0/include -mlittle-endian -mcpu=v9.6 -mxl-soft-mul -Wl,--no-relax -MMD -MP -MF"src/helloworld.d" -MT"src/helloworld.o" -o "src/helloworld.o" "../src/helloworld.c"
'Finished building: ../src/helloworld.c'
' '
'Building target: Raiden.elf'
'Invoking: MicroBlaze gcc linker'
mb-gcc -Wl,-T -Wl,../src/lscript.ld -L../../Raiden_bsp/microblaze_0/lib -mlittle-endian -mcpu=v9.6 -mxl-soft-mul -Wl,--no-relax -o "Raiden.elf"  ./src/helloworld.o ./src/platform.o   -Wl,--start-group,-lxil,-lgcc,-lc,--end-group
'Finished building target: Raiden.elf'
' '
'Invoking: MicroBlaze Print Size'
mb-size Raiden.elf  |tee "Raiden.elf.size"
   text	   data	    bss	    dec	    hex	filename
  30800	   1384	   6240	  38424	   9618	Raiden.elf
'Finished building: Raiden.elf.size'
' '
16:30:31 **** Auto Build of configuration Debug for project Raiden ****
make all 
'Building file: ../src/helloworld.c'
'Invoking: MicroBlaze gcc compiler'
mb-gcc -Wall -O0 -g3 -c -fmessage-length=0 -MT"src/helloworld.o" -I../../Raiden_bsp/microblaze_0/include -mlittle-endian -mcpu=v9.6 -mxl-soft-mul -Wl,--no-relax -MMD -MP -MF"src/helloworld.d" -MT"src/helloworld.o" -o "src/helloworld.o" "../src/helloworld.c"
'Finished building: ../src/helloworld.c'
' '
'Building target: Raiden.elf'
'Invoking: MicroBlaze gcc linker'
mb-gcc -Wl,-T -Wl,../src/lscript.ld -L../../Raiden_bsp/microblaze_0/lib -mlittle-endian -mcpu=v9.6 -mxl-soft-mul -Wl,--no-relax -o "Raiden.elf"  ./src/helloworld.o ./src/platform.o   -Wl,--start-group,-lxil,-lgcc,-lc,--end-group
'Finished building target: Raiden.elf'
' '
'Invoking: MicroBlaze Print Size'
mb-size Raiden.elf  |tee "Raiden.elf.size"
   text	   data	    bss	    dec	    hex	filename
  38392	   1384	   6512	  46288	   b4d0	Raiden.elf
'Finished building: Raiden.elf.size'
' '
16:33:11 **** Auto Build of configuration Debug for project Raiden ****
make all 
'Building file: ../src/helloworld.c'
'Invoking: MicroBlaze gcc compiler'
mb-gcc -Wall -O0 -g3 -c -fmessage-length=0 -MT"src/helloworld.o" -I../../Raiden_bsp/microblaze_0/include -mlittle-endian -mcpu=v9.6 -mxl-soft-mul -Wl,--no-relax -MMD -MP -MF"src/helloworld.d" -MT"src/helloworld.o" -o "src/helloworld.o" "../src/helloworld.c"
'Finished building: ../src/helloworld.c'
' '
'Building target: Raiden.elf'
'Invoking: MicroBlaze gcc linker'
mb-gcc -Wl,-T -Wl,../src/lscript.ld -L../../Raiden_bsp/microblaze_0/lib -mlittle-endian -mcpu=v9.6 -mxl-soft-mul -Wl,--no-relax -o "Raiden.elf"  ./src/helloworld.o ./src/platform.o   -Wl,--start-group,-lxil,-lgcc,-lc,--end-group
'Finished building target: Raiden.elf'
' '
'Invoking: MicroBlaze Print Size'
mb-size Raiden.elf  |tee "Raiden.elf.size"
   text	   data	    bss	    dec	    hex	filename
  38392	   1384	   6512	  46288	   b4d0	Raiden.elf
'Finished building: Raiden.elf.size'
' '
16:33:44 **** Incremental Build of configuration Debug for project Raiden ****
make all 
make: Nothing to be done for `all'.
16:35:06 **** Incremental Build of configuration Debug for project Raiden ****
make all 
make: Nothing to be done for `all'.
16:38:06 **** Incremental Build of configuration Debug for project Raiden ****
make all 
make: Nothing to be done for `all'.
16:40:57 **** Incremental Build of configuration Debug for project Raiden ****
make all 
make: Nothing to be done for `all'.
16:45:05 **** Auto Build of configuration Debug for project Raiden ****
make all 
'Building file: ../src/helloworld.c'
'Invoking: MicroBlaze gcc compiler'
mb-gcc -Wall -O0 -g3 -c -fmessage-length=0 -MT"src/helloworld.o" -I../../Raiden_bsp/microblaze_0/include -mlittle-endian -mcpu=v9.6 -mxl-soft-mul -Wl,--no-relax -MMD -MP -MF"src/helloworld.d" -MT"src/helloworld.o" -o "src/helloworld.o" "../src/helloworld.c"
../src/helloworld.c: In function 'main':
../src/helloworld.c:938:4: warning: implicit declaration of function 'draw_bullet_boss' [-Wimplicit-function-declaration]
    draw_bullet_boss();
    ^
'Finished building: ../src/helloworld.c'
' '
'Building target: Raiden.elf'
'Invoking: MicroBlaze gcc linker'
mb-gcc -Wl,-T -Wl,../src/lscript.ld -L../../Raiden_bsp/microblaze_0/lib -mlittle-endian -mcpu=v9.6 -mxl-soft-mul -Wl,--no-relax -o "Raiden.elf"  ./src/helloworld.o ./src/platform.o   -Wl,--start-group,-lxil,-lgcc,-lc,--end-group
./src/helloworld.o: In function `main':
D:\Vivado_Project\ECE532_final\ECE532_integration\ECE532_integration\ECE532_integration.sdk\Raiden\Debug/../src/helloworld.c:938: undefined reference to `draw_bullet_boss'
collect2.exe: error: ld returned 1 exit status
make: *** [Raiden.elf] ´íÎó 1
16:45:27 **** Auto Build of configuration Debug for project Raiden ****
make all 
'Building file: ../src/helloworld.c'
'Invoking: MicroBlaze gcc compiler'
mb-gcc -Wall -O0 -g3 -c -fmessage-length=0 -MT"src/helloworld.o" -I../../Raiden_bsp/microblaze_0/include -mlittle-endian -mcpu=v9.6 -mxl-soft-mul -Wl,--no-relax -MMD -MP -MF"src/helloworld.d" -MT"src/helloworld.o" -o "src/helloworld.o" "../src/helloworld.c"
'Finished building: ../src/helloworld.c'
' '
'Building target: Raiden.elf'
'Invoking: MicroBlaze gcc linker'
mb-gcc -Wl,-T -Wl,../src/lscript.ld -L../../Raiden_bsp/microblaze_0/lib -mlittle-endian -mcpu=v9.6 -mxl-soft-mul -Wl,--no-relax -o "Raiden.elf"  ./src/helloworld.o ./src/platform.o   -Wl,--start-group,-lxil,-lgcc,-lc,--end-group
'Finished building target: Raiden.elf'
' '
'Invoking: MicroBlaze Print Size'
mb-size Raiden.elf  |tee "Raiden.elf.size"
   text	   data	    bss	    dec	    hex	filename
  38392	   1384	   6512	  46288	   b4d0	Raiden.elf
'Finished building: Raiden.elf.size'
' '
16:46:44 **** Incremental Build of configuration Debug for project Raiden ****
make all 
make: Nothing to be done for `all'.
16:50:08 **** Auto Build of configuration Debug for project Raiden ****
make all 
'Building file: ../src/helloworld.c'
'Invoking: MicroBlaze gcc compiler'
mb-gcc -Wall -O0 -g3 -c -fmessage-length=0 -MT"src/helloworld.o" -I../../Raiden_bsp/microblaze_0/include -mlittle-endian -mcpu=v9.6 -mxl-soft-mul -Wl,--no-relax -MMD -MP -MF"src/helloworld.d" -MT"src/helloworld.o" -o "src/helloworld.o" "../src/helloworld.c"
'Finished building: ../src/helloworld.c'
' '
'Building target: Raiden.elf'
'Invoking: MicroBlaze gcc linker'
mb-gcc -Wl,-T -Wl,../src/lscript.ld -L../../Raiden_bsp/microblaze_0/lib -mlittle-endian -mcpu=v9.6 -mxl-soft-mul -Wl,--no-relax -o "Raiden.elf"  ./src/helloworld.o ./src/platform.o   -Wl,--start-group,-lxil,-lgcc,-lc,--end-group
'Finished building target: Raiden.elf'
' '
'Invoking: MicroBlaze Print Size'
mb-size Raiden.elf  |tee "Raiden.elf.size"
   text	   data	    bss	    dec	    hex	filename
  38392	   1384	   6512	  46288	   b4d0	Raiden.elf
'Finished building: Raiden.elf.size'
' '
16:52:03 **** Incremental Build of configuration Debug for project Raiden ****
make all 
make: Nothing to be done for `all'.
17:28:40 **** Auto Build of configuration Debug for project Raiden ****
make all 
'Building file: ../src/helloworld.c'
'Invoking: MicroBlaze gcc compiler'
mb-gcc -Wall -O0 -g3 -c -fmessage-length=0 -MT"src/helloworld.o" -I../../Raiden_bsp/microblaze_0/include -mlittle-endian -mcpu=v9.6 -mxl-soft-mul -Wl,--no-relax -MMD -MP -MF"src/helloworld.d" -MT"src/helloworld.o" -o "src/helloworld.o" "../src/helloworld.c"
'Finished building: ../src/helloworld.c'
' '
'Building target: Raiden.elf'
'Invoking: MicroBlaze gcc linker'
mb-gcc -Wl,-T -Wl,../src/lscript.ld -L../../Raiden_bsp/microblaze_0/lib -mlittle-endian -mcpu=v9.6 -mxl-soft-mul -Wl,--no-relax -o "Raiden.elf"  ./src/helloworld.o ./src/platform.o   -Wl,--start-group,-lxil,-lgcc,-lc,--end-group
'Finished building target: Raiden.elf'
' '
'Invoking: MicroBlaze Print Size'
mb-size Raiden.elf  |tee "Raiden.elf.size"
   text	   data	    bss	    dec	    hex	filename
  38388	   1384	   6516	  46288	   b4d0	Raiden.elf
'Finished building: Raiden.elf.size'
' '
17:29:18 **** Auto Build of configuration Debug for project Raiden ****
make all 
'Building file: ../src/helloworld.c'
'Invoking: MicroBlaze gcc compiler'
mb-gcc -Wall -O0 -g3 -c -fmessage-length=0 -MT"src/helloworld.o" -I../../Raiden_bsp/microblaze_0/include -mlittle-endian -mcpu=v9.6 -mxl-soft-mul -Wl,--no-relax -MMD -MP -MF"src/helloworld.d" -MT"src/helloworld.o" -o "src/helloworld.o" "../src/helloworld.c"
'Finished building: ../src/helloworld.c'
' '
'Building target: Raiden.elf'
'Invoking: MicroBlaze gcc linker'
mb-gcc -Wl,-T -Wl,../src/lscript.ld -L../../Raiden_bsp/microblaze_0/lib -mlittle-endian -mcpu=v9.6 -mxl-soft-mul -Wl,--no-relax -o "Raiden.elf"  ./src/helloworld.o ./src/platform.o   -Wl,--start-group,-lxil,-lgcc,-lc,--end-group
'Finished building target: Raiden.elf'
' '
'Invoking: MicroBlaze Print Size'
mb-size Raiden.elf  |tee "Raiden.elf.size"
   text	   data	    bss	    dec	    hex	filename
  38388	   1384	   6516	  46288	   b4d0	Raiden.elf
'Finished building: Raiden.elf.size'
' '
17:29:22 **** Incremental Build of configuration Debug for project Raiden ****
make all 
make: Nothing to be done for `all'.
17:30:26 **** Incremental Build of configuration Debug for project Raiden ****
make all 
make: Nothing to be done for `all'.
17:33:25 **** Incremental Build of configuration Debug for project Raiden ****
make all 
make: Nothing to be done for `all'.
17:46:13 **** Auto Build of configuration Debug for project Raiden ****
make all 
'Building file: ../src/helloworld.c'
'Invoking: MicroBlaze gcc compiler'
mb-gcc -Wall -O0 -g3 -c -fmessage-length=0 -MT"src/helloworld.o" -I../../Raiden_bsp/microblaze_0/include -mlittle-endian -mcpu=v9.6 -mxl-soft-mul -Wl,--no-relax -MMD -MP -MF"src/helloworld.d" -MT"src/helloworld.o" -o "src/helloworld.o" "../src/helloworld.c"
'Finished building: ../src/helloworld.c'
' '
'Building target: Raiden.elf'
'Invoking: MicroBlaze gcc linker'
mb-gcc -Wl,-T -Wl,../src/lscript.ld -L../../Raiden_bsp/microblaze_0/lib -mlittle-endian -mcpu=v9.6 -mxl-soft-mul -Wl,--no-relax -o "Raiden.elf"  ./src/helloworld.o ./src/platform.o   -Wl,--start-group,-lxil,-lgcc,-lc,--end-group
'Finished building target: Raiden.elf'
' '
'Invoking: MicroBlaze Print Size'
mb-size Raiden.elf  |tee "Raiden.elf.size"
   text	   data	    bss	    dec	    hex	filename
  38388	   1384	   6516	  46288	   b4d0	Raiden.elf
'Finished building: Raiden.elf.size'
' '
17:46:20 **** Incremental Build of configuration Debug for project Raiden ****
make all 
make: Nothing to be done for `all'.
17:50:12 **** Auto Build of configuration Debug for project Raiden ****
make all 
'Building file: ../src/helloworld.c'
'Invoking: MicroBlaze gcc compiler'
mb-gcc -Wall -O0 -g3 -c -fmessage-length=0 -MT"src/helloworld.o" -I../../Raiden_bsp/microblaze_0/include -mlittle-endian -mcpu=v9.6 -mxl-soft-mul -Wl,--no-relax -MMD -MP -MF"src/helloworld.d" -MT"src/helloworld.o" -o "src/helloworld.o" "../src/helloworld.c"
'Finished building: ../src/helloworld.c'
' '
'Building target: Raiden.elf'
'Invoking: MicroBlaze gcc linker'
mb-gcc -Wl,-T -Wl,../src/lscript.ld -L../../Raiden_bsp/microblaze_0/lib -mlittle-endian -mcpu=v9.6 -mxl-soft-mul -Wl,--no-relax -o "Raiden.elf"  ./src/helloworld.o ./src/platform.o   -Wl,--start-group,-lxil,-lgcc,-lc,--end-group
'Finished building target: Raiden.elf'
' '
'Invoking: MicroBlaze Print Size'
mb-size Raiden.elf  |tee "Raiden.elf.size"
   text	   data	    bss	    dec	    hex	filename
  38388	   1384	   6516	  46288	   b4d0	Raiden.elf
'Finished building: Raiden.elf.size'
' '
17:50:16 **** Incremental Build of configuration Debug for project Raiden ****
make all 
make: Nothing to be done for `all'.
17:51:51 **** Auto Build of configuration Debug for project Raiden ****
make all 
'Building file: ../src/helloworld.c'
'Invoking: MicroBlaze gcc compiler'
mb-gcc -Wall -O0 -g3 -c -fmessage-length=0 -MT"src/helloworld.o" -I../../Raiden_bsp/microblaze_0/include -mlittle-endian -mcpu=v9.6 -mxl-soft-mul -Wl,--no-relax -MMD -MP -MF"src/helloworld.d" -MT"src/helloworld.o" -o "src/helloworld.o" "../src/helloworld.c"
'Finished building: ../src/helloworld.c'
' '
'Building target: Raiden.elf'
'Invoking: MicroBlaze gcc linker'
mb-gcc -Wl,-T -Wl,../src/lscript.ld -L../../Raiden_bsp/microblaze_0/lib -mlittle-endian -mcpu=v9.6 -mxl-soft-mul -Wl,--no-relax -o "Raiden.elf"  ./src/helloworld.o ./src/platform.o   -Wl,--start-group,-lxil,-lgcc,-lc,--end-group
'Finished building target: Raiden.elf'
' '
'Invoking: MicroBlaze Print Size'
mb-size Raiden.elf  |tee "Raiden.elf.size"
   text	   data	    bss	    dec	    hex	filename
  38388	   1384	   6516	  46288	   b4d0	Raiden.elf
'Finished building: Raiden.elf.size'
' '
17:51:55 **** Incremental Build of configuration Debug for project Raiden ****
make all 
make: Nothing to be done for `all'.
17:54:07 **** Auto Build of configuration Debug for project Raiden ****
make all 
'Building file: ../src/helloworld.c'
'Invoking: MicroBlaze gcc compiler'
mb-gcc -Wall -O0 -g3 -c -fmessage-length=0 -MT"src/helloworld.o" -I../../Raiden_bsp/microblaze_0/include -mlittle-endian -mcpu=v9.6 -mxl-soft-mul -Wl,--no-relax -MMD -MP -MF"src/helloworld.d" -MT"src/helloworld.o" -o "src/helloworld.o" "../src/helloworld.c"
'Finished building: ../src/helloworld.c'
' '
'Building target: Raiden.elf'
'Invoking: MicroBlaze gcc linker'
mb-gcc -Wl,-T -Wl,../src/lscript.ld -L../../Raiden_bsp/microblaze_0/lib -mlittle-endian -mcpu=v9.6 -mxl-soft-mul -Wl,--no-relax -o "Raiden.elf"  ./src/helloworld.o ./src/platform.o   -Wl,--start-group,-lxil,-lgcc,-lc,--end-group
'Finished building target: Raiden.elf'
' '
'Invoking: MicroBlaze Print Size'
mb-size Raiden.elf  |tee "Raiden.elf.size"
   text	   data	    bss	    dec	    hex	filename
  38388	   1384	   6516	  46288	   b4d0	Raiden.elf
'Finished building: Raiden.elf.size'
' '
17:54:11 **** Incremental Build of configuration Debug for project Raiden ****
make all 
make: Nothing to be done for `all'.
17:58:35 **** Auto Build of configuration Debug for project Raiden ****
make all 
'Building file: ../src/helloworld.c'
'Invoking: MicroBlaze gcc compiler'
mb-gcc -Wall -O0 -g3 -c -fmessage-length=0 -MT"src/helloworld.o" -I../../Raiden_bsp/microblaze_0/include -mlittle-endian -mcpu=v9.6 -mxl-soft-mul -Wl,--no-relax -MMD -MP -MF"src/helloworld.d" -MT"src/helloworld.o" -o "src/helloworld.o" "../src/helloworld.c"
'Finished building: ../src/helloworld.c'
' '
'Building target: Raiden.elf'
'Invoking: MicroBlaze gcc linker'
mb-gcc -Wl,-T -Wl,../src/lscript.ld -L../../Raiden_bsp/microblaze_0/lib -mlittle-endian -mcpu=v9.6 -mxl-soft-mul -Wl,--no-relax -o "Raiden.elf"  ./src/helloworld.o ./src/platform.o   -Wl,--start-group,-lxil,-lgcc,-lc,--end-group
'Finished building target: Raiden.elf'
' '
'Invoking: MicroBlaze Print Size'
mb-size Raiden.elf  |tee "Raiden.elf.size"
   text	   data	    bss	    dec	    hex	filename
  38412	   1384	   6516	  46312	   b4e8	Raiden.elf
'Finished building: Raiden.elf.size'
' '
17:59:12 **** Auto Build of configuration Debug for project Raiden ****
make all 
'Building file: ../src/helloworld.c'
'Invoking: MicroBlaze gcc compiler'
mb-gcc -Wall -O0 -g3 -c -fmessage-length=0 -MT"src/helloworld.o" -I../../Raiden_bsp/microblaze_0/include -mlittle-endian -mcpu=v9.6 -mxl-soft-mul -Wl,--no-relax -MMD -MP -MF"src/helloworld.d" -MT"src/helloworld.o" -o "src/helloworld.o" "../src/helloworld.c"
'Finished building: ../src/helloworld.c'
' '
'Building target: Raiden.elf'
'Invoking: MicroBlaze gcc linker'
mb-gcc -Wl,-T -Wl,../src/lscript.ld -L../../Raiden_bsp/microblaze_0/lib -mlittle-endian -mcpu=v9.6 -mxl-soft-mul -Wl,--no-relax -o "Raiden.elf"  ./src/helloworld.o ./src/platform.o   -Wl,--start-group,-lxil,-lgcc,-lc,--end-group
'Finished building target: Raiden.elf'
' '
'Invoking: MicroBlaze Print Size'
mb-size Raiden.elf  |tee "Raiden.elf.size"
   text	   data	    bss	    dec	    hex	filename
  38412	   1384	   6516	  46312	   b4e8	Raiden.elf
'Finished building: Raiden.elf.size'
' '
17:59:40 **** Auto Build of configuration Debug for project Raiden ****
make all 
'Building file: ../src/helloworld.c'
'Invoking: MicroBlaze gcc compiler'
mb-gcc -Wall -O0 -g3 -c -fmessage-length=0 -MT"src/helloworld.o" -I../../Raiden_bsp/microblaze_0/include -mlittle-endian -mcpu=v9.6 -mxl-soft-mul -Wl,--no-relax -MMD -MP -MF"src/helloworld.d" -MT"src/helloworld.o" -o "src/helloworld.o" "../src/helloworld.c"
'Finished building: ../src/helloworld.c'
' '
'Building target: Raiden.elf'
'Invoking: MicroBlaze gcc linker'
mb-gcc -Wl,-T -Wl,../src/lscript.ld -L../../Raiden_bsp/microblaze_0/lib -mlittle-endian -mcpu=v9.6 -mxl-soft-mul -Wl,--no-relax -o "Raiden.elf"  ./src/helloworld.o ./src/platform.o   -Wl,--start-group,-lxil,-lgcc,-lc,--end-group
'Finished building target: Raiden.elf'
' '
'Invoking: MicroBlaze Print Size'
mb-size Raiden.elf  |tee "Raiden.elf.size"
   text	   data	    bss	    dec	    hex	filename
  38412	   1384	   6516	  46312	   b4e8	Raiden.elf
'Finished building: Raiden.elf.size'
' '
17:59:45 **** Incremental Build of configuration Debug for project Raiden ****
make all 
make: Nothing to be done for `all'.
18:00:52 **** Auto Build of configuration Debug for project Raiden ****
make all 
'Building file: ../src/helloworld.c'
'Invoking: MicroBlaze gcc compiler'
mb-gcc -Wall -O0 -g3 -c -fmessage-length=0 -MT"src/helloworld.o" -I../../Raiden_bsp/microblaze_0/include -mlittle-endian -mcpu=v9.6 -mxl-soft-mul -Wl,--no-relax -MMD -MP -MF"src/helloworld.d" -MT"src/helloworld.o" -o "src/helloworld.o" "../src/helloworld.c"
'Finished building: ../src/helloworld.c'
' '
'Building target: Raiden.elf'
'Invoking: MicroBlaze gcc linker'
mb-gcc -Wl,-T -Wl,../src/lscript.ld -L../../Raiden_bsp/microblaze_0/lib -mlittle-endian -mcpu=v9.6 -mxl-soft-mul -Wl,--no-relax -o "Raiden.elf"  ./src/helloworld.o ./src/platform.o   -Wl,--start-group,-lxil,-lgcc,-lc,--end-group
'Finished building target: Raiden.elf'
' '
'Invoking: MicroBlaze Print Size'
mb-size Raiden.elf  |tee "Raiden.elf.size"
   text	   data	    bss	    dec	    hex	filename
  38448	   1384	   6512	  46344	   b508	Raiden.elf
'Finished building: Raiden.elf.size'
' '
18:06:29 **** Auto Build of configuration Debug for project Raiden ****
make all 
'Building file: ../src/helloworld.c'
'Invoking: MicroBlaze gcc compiler'
mb-gcc -Wall -O0 -g3 -c -fmessage-length=0 -MT"src/helloworld.o" -I../../Raiden_bsp/microblaze_0/include -mlittle-endian -mcpu=v9.6 -mxl-soft-mul -Wl,--no-relax -MMD -MP -MF"src/helloworld.d" -MT"src/helloworld.o" -o "src/helloworld.o" "../src/helloworld.c"
'Finished building: ../src/helloworld.c'
' '
'Building target: Raiden.elf'
'Invoking: MicroBlaze gcc linker'
mb-gcc -Wl,-T -Wl,../src/lscript.ld -L../../Raiden_bsp/microblaze_0/lib -mlittle-endian -mcpu=v9.6 -mxl-soft-mul -Wl,--no-relax -o "Raiden.elf"  ./src/helloworld.o ./src/platform.o   -Wl,--start-group,-lxil,-lgcc,-lc,--end-group
'Finished building target: Raiden.elf'
' '
'Invoking: MicroBlaze Print Size'
mb-size Raiden.elf  |tee "Raiden.elf.size"
   text	   data	    bss	    dec	    hex	filename
  38448	   1384	   6512	  46344	   b508	Raiden.elf
'Finished building: Raiden.elf.size'
' '
18:06:32 **** Incremental Build of configuration Debug for project Raiden ****
make all 
make: Nothing to be done for `all'.
18:13:32 **** Auto Build of configuration Debug for project Raiden ****
make all 
'Building file: ../src/helloworld.c'
'Invoking: MicroBlaze gcc compiler'
mb-gcc -Wall -O0 -g3 -c -fmessage-length=0 -MT"src/helloworld.o" -I../../Raiden_bsp/microblaze_0/include -mlittle-endian -mcpu=v9.6 -mxl-soft-mul -Wl,--no-relax -MMD -MP -MF"src/helloworld.d" -MT"src/helloworld.o" -o "src/helloworld.o" "../src/helloworld.c"
../src/helloworld.c: In function 'main':
../src/helloworld.c:901:3: error: expected expression before '}' token
   }
   ^
../src/helloworld.c:667:6: warning: unused variable 'next' [-Wunused-variable]
  int next = 0;
      ^
make: *** [src/helloworld.o] ´íÎó 1
18:15:12 **** Auto Build of configuration Debug for project Raiden ****
make all 
'Building file: ../src/helloworld.c'
'Invoking: MicroBlaze gcc compiler'
mb-gcc -Wall -O0 -g3 -c -fmessage-length=0 -MT"src/helloworld.o" -I../../Raiden_bsp/microblaze_0/include -mlittle-endian -mcpu=v9.6 -mxl-soft-mul -Wl,--no-relax -MMD -MP -MF"src/helloworld.d" -MT"src/helloworld.o" -o "src/helloworld.o" "../src/helloworld.c"
../src/helloworld.c: In function 'main':
../src/helloworld.c:752:6: warning: variable 'next' set but not used [-Wunused-but-set-variable]
  int next = 0;
      ^
'Finished building: ../src/helloworld.c'
' '
'Building target: Raiden.elf'
'Invoking: MicroBlaze gcc linker'
mb-gcc -Wl,-T -Wl,../src/lscript.ld -L../../Raiden_bsp/microblaze_0/lib -mlittle-endian -mcpu=v9.6 -mxl-soft-mul -Wl,--no-relax -o "Raiden.elf"  ./src/helloworld.o ./src/platform.o   -Wl,--start-group,-lxil,-lgcc,-lc,--end-group
'Finished building target: Raiden.elf'
' '
'Invoking: MicroBlaze Print Size'
mb-size Raiden.elf  |tee "Raiden.elf.size"
   text	   data	    bss	    dec	    hex	filename
  38528	   1384	   6512	  46424	   b558	Raiden.elf
'Finished building: Raiden.elf.size'
' '
18:16:39 **** Auto Build of configuration Debug for project Raiden ****
make all 
'Building file: ../src/helloworld.c'
'Invoking: MicroBlaze gcc compiler'
mb-gcc -Wall -O0 -g3 -c -fmessage-length=0 -MT"src/helloworld.o" -I../../Raiden_bsp/microblaze_0/include -mlittle-endian -mcpu=v9.6 -mxl-soft-mul -Wl,--no-relax -MMD -MP -MF"src/helloworld.d" -MT"src/helloworld.o" -o "src/helloworld.o" "../src/helloworld.c"
'Finished building: ../src/helloworld.c'
' '
'Building target: Raiden.elf'
'Invoking: MicroBlaze gcc linker'
mb-gcc -Wl,-T -Wl,../src/lscript.ld -L../../Raiden_bsp/microblaze_0/lib -mlittle-endian -mcpu=v9.6 -mxl-soft-mul -Wl,--no-relax -o "Raiden.elf"  ./src/helloworld.o ./src/platform.o   -Wl,--start-group,-lxil,-lgcc,-lc,--end-group
'Finished building target: Raiden.elf'
' '
'Invoking: MicroBlaze Print Size'
mb-size Raiden.elf  |tee "Raiden.elf.size"
   text	   data	    bss	    dec	    hex	filename
  38552	   1384	   6512	  46448	   b570	Raiden.elf
'Finished building: Raiden.elf.size'
' '
18:16:43 **** Incremental Build of configuration Debug for project Raiden ****
make all 
make: Nothing to be done for `all'.
18:18:03 **** Auto Build of configuration Debug for project Raiden ****
make all 
'Building file: ../src/helloworld.c'
'Invoking: MicroBlaze gcc compiler'
mb-gcc -Wall -O0 -g3 -c -fmessage-length=0 -MT"src/helloworld.o" -I../../Raiden_bsp/microblaze_0/include -mlittle-endian -mcpu=v9.6 -mxl-soft-mul -Wl,--no-relax -MMD -MP -MF"src/helloworld.d" -MT"src/helloworld.o" -o "src/helloworld.o" "../src/helloworld.c"
'Finished building: ../src/helloworld.c'
' '
'Building target: Raiden.elf'
'Invoking: MicroBlaze gcc linker'
mb-gcc -Wl,-T -Wl,../src/lscript.ld -L../../Raiden_bsp/microblaze_0/lib -mlittle-endian -mcpu=v9.6 -mxl-soft-mul -Wl,--no-relax -o "Raiden.elf"  ./src/helloworld.o ./src/platform.o   -Wl,--start-group,-lxil,-lgcc,-lc,--end-group
'Finished building target: Raiden.elf'
' '
'Invoking: MicroBlaze Print Size'
mb-size Raiden.elf  |tee "Raiden.elf.size"
   text	   data	    bss	    dec	    hex	filename
  38552	   1384	   6512	  46448	   b570	Raiden.elf
'Finished building: Raiden.elf.size'
' '
18:18:07 **** Incremental Build of configuration Debug for project Raiden ****
make all 
make: Nothing to be done for `all'.
18:20:59 **** Auto Build of configuration Debug for project Raiden ****
make all 
'Building file: ../src/helloworld.c'
'Invoking: MicroBlaze gcc compiler'
mb-gcc -Wall -O0 -g3 -c -fmessage-length=0 -MT"src/helloworld.o" -I../../Raiden_bsp/microblaze_0/include -mlittle-endian -mcpu=v9.6 -mxl-soft-mul -Wl,--no-relax -MMD -MP -MF"src/helloworld.d" -MT"src/helloworld.o" -o "src/helloworld.o" "../src/helloworld.c"
../src/helloworld.c: In function 'main':
../src/helloworld.c:756:2: warning: implicit declaration of function 'update_boss_HP_bar' [-Wimplicit-function-declaration]
  update_boss_HP_bar(big_boss.HP);
  ^
'Finished building: ../src/helloworld.c'
' '
'Building target: Raiden.elf'
'Invoking: MicroBlaze gcc linker'
mb-gcc -Wl,-T -Wl,../src/lscript.ld -L../../Raiden_bsp/microblaze_0/lib -mlittle-endian -mcpu=v9.6 -mxl-soft-mul -Wl,--no-relax -o "Raiden.elf"  ./src/helloworld.o ./src/platform.o   -Wl,--start-group,-lxil,-lgcc,-lc,--end-group
./src/helloworld.o: In function `main':
D:\Vivado_Project\ECE532_final\ECE532_integration\ECE532_integration\ECE532_integration.sdk\Raiden\Debug/../src/helloworld.c:756: undefined reference to `update_boss_HP_bar'
collect2.exe: error: ld returned 1 exit status
make: *** [Raiden.elf] ´íÎó 1
18:21:44 **** Auto Build of configuration Debug for project Raiden ****
make all 
'Building file: ../src/helloworld.c'
'Invoking: MicroBlaze gcc compiler'
mb-gcc -Wall -O0 -g3 -c -fmessage-length=0 -MT"src/helloworld.o" -I../../Raiden_bsp/microblaze_0/include -mlittle-endian -mcpu=v9.6 -mxl-soft-mul -Wl,--no-relax -MMD -MP -MF"src/helloworld.d" -MT"src/helloworld.o" -o "src/helloworld.o" "../src/helloworld.c"
'Finished building: ../src/helloworld.c'
' '
'Building target: Raiden.elf'
'Invoking: MicroBlaze gcc linker'
mb-gcc -Wl,-T -Wl,../src/lscript.ld -L../../Raiden_bsp/microblaze_0/lib -mlittle-endian -mcpu=v9.6 -mxl-soft-mul -Wl,--no-relax -o "Raiden.elf"  ./src/helloworld.o ./src/platform.o   -Wl,--start-group,-lxil,-lgcc,-lc,--end-group
'Finished building target: Raiden.elf'
' '
'Invoking: MicroBlaze Print Size'
mb-size Raiden.elf  |tee "Raiden.elf.size"
   text	   data	    bss	    dec	    hex	filename
  38652	   1384	   6516	  46552	   b5d8	Raiden.elf
'Finished building: Raiden.elf.size'
' '
18:22:41 **** Auto Build of configuration Debug for project Raiden ****
make all 
'Building file: ../src/helloworld.c'
'Invoking: MicroBlaze gcc compiler'
mb-gcc -Wall -O0 -g3 -c -fmessage-length=0 -MT"src/helloworld.o" -I../../Raiden_bsp/microblaze_0/include -mlittle-endian -mcpu=v9.6 -mxl-soft-mul -Wl,--no-relax -MMD -MP -MF"src/helloworld.d" -MT"src/helloworld.o" -o "src/helloworld.o" "../src/helloworld.c"
'Finished building: ../src/helloworld.c'
' '
'Building target: Raiden.elf'
'Invoking: MicroBlaze gcc linker'
mb-gcc -Wl,-T -Wl,../src/lscript.ld -L../../Raiden_bsp/microblaze_0/lib -mlittle-endian -mcpu=v9.6 -mxl-soft-mul -Wl,--no-relax -o "Raiden.elf"  ./src/helloworld.o ./src/platform.o   -Wl,--start-group,-lxil,-lgcc,-lc,--end-group
'Finished building target: Raiden.elf'
' '
'Invoking: MicroBlaze Print Size'
mb-size Raiden.elf  |tee "Raiden.elf.size"
   text	   data	    bss	    dec	    hex	filename
  38732	   1384	   6516	  46632	   b628	Raiden.elf
'Finished building: Raiden.elf.size'
' '
18:22:54 **** Auto Build of configuration Debug for project Raiden ****
make all 
'Building file: ../src/helloworld.c'
'Invoking: MicroBlaze gcc compiler'
mb-gcc -Wall -O0 -g3 -c -fmessage-length=0 -MT"src/helloworld.o" -I../../Raiden_bsp/microblaze_0/include -mlittle-endian -mcpu=v9.6 -mxl-soft-mul -Wl,--no-relax -MMD -MP -MF"src/helloworld.d" -MT"src/helloworld.o" -o "src/helloworld.o" "../src/helloworld.c"
'Finished building: ../src/helloworld.c'
' '
'Building target: Raiden.elf'
'Invoking: MicroBlaze gcc linker'
mb-gcc -Wl,-T -Wl,../src/lscript.ld -L../../Raiden_bsp/microblaze_0/lib -mlittle-endian -mcpu=v9.6 -mxl-soft-mul -Wl,--no-relax -o "Raiden.elf"  ./src/helloworld.o ./src/platform.o   -Wl,--start-group,-lxil,-lgcc,-lc,--end-group
'Finished building target: Raiden.elf'
' '
'Invoking: MicroBlaze Print Size'
mb-size Raiden.elf  |tee "Raiden.elf.size"
   text	   data	    bss	    dec	    hex	filename
  38732	   1384	   6516	  46632	   b628	Raiden.elf
'Finished building: Raiden.elf.size'
' '
18:24:12 **** Auto Build of configuration Debug for project Raiden ****
make all 
'Building file: ../src/helloworld.c'
'Invoking: MicroBlaze gcc compiler'
mb-gcc -Wall -O0 -g3 -c -fmessage-length=0 -MT"src/helloworld.o" -I../../Raiden_bsp/microblaze_0/include -mlittle-endian -mcpu=v9.6 -mxl-soft-mul -Wl,--no-relax -MMD -MP -MF"src/helloworld.d" -MT"src/helloworld.o" -o "src/helloworld.o" "../src/helloworld.c"
'Finished building: ../src/helloworld.c'
' '
'Building target: Raiden.elf'
'Invoking: MicroBlaze gcc linker'
mb-gcc -Wl,-T -Wl,../src/lscript.ld -L../../Raiden_bsp/microblaze_0/lib -mlittle-endian -mcpu=v9.6 -mxl-soft-mul -Wl,--no-relax -o "Raiden.elf"  ./src/helloworld.o ./src/platform.o   -Wl,--start-group,-lxil,-lgcc,-lc,--end-group
'Finished building target: Raiden.elf'
' '
'Invoking: MicroBlaze Print Size'
mb-size Raiden.elf  |tee "Raiden.elf.size"
   text	   data	    bss	    dec	    hex	filename
  38772	   1384	   6516	  46672	   b650	Raiden.elf
'Finished building: Raiden.elf.size'
' '
18:24:21 **** Auto Build of configuration Debug for project Raiden ****
make all 
'Building file: ../src/helloworld.c'
'Invoking: MicroBlaze gcc compiler'
mb-gcc -Wall -O0 -g3 -c -fmessage-length=0 -MT"src/helloworld.o" -I../../Raiden_bsp/microblaze_0/include -mlittle-endian -mcpu=v9.6 -mxl-soft-mul -Wl,--no-relax -MMD -MP -MF"src/helloworld.d" -MT"src/helloworld.o" -o "src/helloworld.o" "../src/helloworld.c"
'Finished building: ../src/helloworld.c'
' '
'Building target: Raiden.elf'
'Invoking: MicroBlaze gcc linker'
mb-gcc -Wl,-T -Wl,../src/lscript.ld -L../../Raiden_bsp/microblaze_0/lib -mlittle-endian -mcpu=v9.6 -mxl-soft-mul -Wl,--no-relax -o "Raiden.elf"  ./src/helloworld.o ./src/platform.o   -Wl,--start-group,-lxil,-lgcc,-lc,--end-group
'Finished building target: Raiden.elf'
' '
'Invoking: MicroBlaze Print Size'
mb-size Raiden.elf  |tee "Raiden.elf.size"
   text	   data	    bss	    dec	    hex	filename
  38772	   1384	   6516	  46672	   b650	Raiden.elf
'Finished building: Raiden.elf.size'
' '
18:24:24 **** Incremental Build of configuration Debug for project Raiden ****
make all 
make: Nothing to be done for `all'.
18:27:45 **** Auto Build of configuration Debug for project Raiden ****
make all 
'Building file: ../src/helloworld.c'
'Invoking: MicroBlaze gcc compiler'
mb-gcc -Wall -O0 -g3 -c -fmessage-length=0 -MT"src/helloworld.o" -I../../Raiden_bsp/microblaze_0/include -mlittle-endian -mcpu=v9.6 -mxl-soft-mul -Wl,--no-relax -MMD -MP -MF"src/helloworld.d" -MT"src/helloworld.o" -o "src/helloworld.o" "../src/helloworld.c"
'Finished building: ../src/helloworld.c'
' '
'Building target: Raiden.elf'
'Invoking: MicroBlaze gcc linker'
mb-gcc -Wl,-T -Wl,../src/lscript.ld -L../../Raiden_bsp/microblaze_0/lib -mlittle-endian -mcpu=v9.6 -mxl-soft-mul -Wl,--no-relax -o "Raiden.elf"  ./src/helloworld.o ./src/platform.o   -Wl,--start-group,-lxil,-lgcc,-lc,--end-group
'Finished building target: Raiden.elf'
' '
'Invoking: MicroBlaze Print Size'
mb-size Raiden.elf  |tee "Raiden.elf.size"
   text	   data	    bss	    dec	    hex	filename
  38772	   1384	   6516	  46672	   b650	Raiden.elf
'Finished building: Raiden.elf.size'
' '
18:30:05 **** Incremental Build of configuration Debug for project Raiden ****
make all 
make: Nothing to be done for `all'.
18:34:47 **** Auto Build of configuration Debug for project Raiden ****
make all 
'Building file: ../src/helloworld.c'
'Invoking: MicroBlaze gcc compiler'
mb-gcc -Wall -O0 -g3 -c -fmessage-length=0 -MT"src/helloworld.o" -I../../Raiden_bsp/microblaze_0/include -mlittle-endian -mcpu=v9.6 -mxl-soft-mul -Wl,--no-relax -MMD -MP -MF"src/helloworld.d" -MT"src/helloworld.o" -o "src/helloworld.o" "../src/helloworld.c"
'Finished building: ../src/helloworld.c'
' '
'Building target: Raiden.elf'
'Invoking: MicroBlaze gcc linker'
mb-gcc -Wl,-T -Wl,../src/lscript.ld -L../../Raiden_bsp/microblaze_0/lib -mlittle-endian -mcpu=v9.6 -mxl-soft-mul -Wl,--no-relax -o "Raiden.elf"  ./src/helloworld.o ./src/platform.o   -Wl,--start-group,-lxil,-lgcc,-lc,--end-group
'Finished building target: Raiden.elf'
' '
'Invoking: MicroBlaze Print Size'
mb-size Raiden.elf  |tee "Raiden.elf.size"
   text	   data	    bss	    dec	    hex	filename
  38772	   1384	   6516	  46672	   b650	Raiden.elf
'Finished building: Raiden.elf.size'
' '
18:34:57 **** Incremental Build of configuration Debug for project Raiden ****
make all 
make: Nothing to be done for `all'.
18:39:09 **** Incremental Build of configuration Debug for project Raiden ****
make all 
make: Nothing to be done for `all'.
18:44:33 **** Auto Build of configuration Debug for project Raiden ****
make all 
'Building file: ../src/helloworld.c'
'Invoking: MicroBlaze gcc compiler'
mb-gcc -Wall -O0 -g3 -c -fmessage-length=0 -MT"src/helloworld.o" -I../../Raiden_bsp/microblaze_0/include -mlittle-endian -mcpu=v9.6 -mxl-soft-mul -Wl,--no-relax -MMD -MP -MF"src/helloworld.d" -MT"src/helloworld.o" -o "src/helloworld.o" "../src/helloworld.c"
'Finished building: ../src/helloworld.c'
' '
'Building target: Raiden.elf'
'Invoking: MicroBlaze gcc linker'
mb-gcc -Wl,-T -Wl,../src/lscript.ld -L../../Raiden_bsp/microblaze_0/lib -mlittle-endian -mcpu=v9.6 -mxl-soft-mul -Wl,--no-relax -o "Raiden.elf"  ./src/helloworld.o ./src/platform.o   -Wl,--start-group,-lxil,-lgcc,-lc,--end-group
'Finished building target: Raiden.elf'
' '
'Invoking: MicroBlaze Print Size'
mb-size Raiden.elf  |tee "Raiden.elf.size"
   text	   data	    bss	    dec	    hex	filename
  38772	   1384	   6516	  46672	   b650	Raiden.elf
'Finished building: Raiden.elf.size'
' '
18:44:56 **** Auto Build of configuration Debug for project Raiden ****
make all 
'Building file: ../src/helloworld.c'
'Invoking: MicroBlaze gcc compiler'
mb-gcc -Wall -O0 -g3 -c -fmessage-length=0 -MT"src/helloworld.o" -I../../Raiden_bsp/microblaze_0/include -mlittle-endian -mcpu=v9.6 -mxl-soft-mul -Wl,--no-relax -MMD -MP -MF"src/helloworld.d" -MT"src/helloworld.o" -o "src/helloworld.o" "../src/helloworld.c"
'Finished building: ../src/helloworld.c'
' '
'Building target: Raiden.elf'
'Invoking: MicroBlaze gcc linker'
mb-gcc -Wl,-T -Wl,../src/lscript.ld -L../../Raiden_bsp/microblaze_0/lib -mlittle-endian -mcpu=v9.6 -mxl-soft-mul -Wl,--no-relax -o "Raiden.elf"  ./src/helloworld.o ./src/platform.o   -Wl,--start-group,-lxil,-lgcc,-lc,--end-group
'Finished building target: Raiden.elf'
' '
'Invoking: MicroBlaze Print Size'
mb-size Raiden.elf  |tee "Raiden.elf.size"
   text	   data	    bss	    dec	    hex	filename
  38772	   1384	   6516	  46672	   b650	Raiden.elf
'Finished building: Raiden.elf.size'
' '
18:45:03 **** Incremental Build of configuration Debug for project Raiden ****
make all 
make: Nothing to be done for `all'.
18:51:46 **** Auto Build of configuration Debug for project Raiden ****
make all 
'Building file: ../src/helloworld.c'
'Invoking: MicroBlaze gcc compiler'
mb-gcc -Wall -O0 -g3 -c -fmessage-length=0 -MT"src/helloworld.o" -I../../Raiden_bsp/microblaze_0/include -mlittle-endian -mcpu=v9.6 -mxl-soft-mul -Wl,--no-relax -MMD -MP -MF"src/helloworld.d" -MT"src/helloworld.o" -o "src/helloworld.o" "../src/helloworld.c"
../src/helloworld.c: In function 'main':
../src/helloworld.c:987:1: error: '_Defeat' undeclared (first use in this function)
 _Defeat;
 ^
../src/helloworld.c:987:1: note: each undeclared identifier is reported only once for each function it appears in
../src/helloworld.c:910:4: error: label '_Defeat' used but not defined
    goto _Defeat;
    ^
make: *** [src/helloworld.o] ´íÎó 1
18:52:09 **** Auto Build of configuration Debug for project Raiden ****
make all 
'Building file: ../src/helloworld.c'
'Invoking: MicroBlaze gcc compiler'
mb-gcc -Wall -O0 -g3 -c -fmessage-length=0 -MT"src/helloworld.o" -I../../Raiden_bsp/microblaze_0/include -mlittle-endian -mcpu=v9.6 -mxl-soft-mul -Wl,--no-relax -MMD -MP -MF"src/helloworld.d" -MT"src/helloworld.o" -o "src/helloworld.o" "../src/helloworld.c"
'Finished building: ../src/helloworld.c'
' '
'Building target: Raiden.elf'
'Invoking: MicroBlaze gcc linker'
mb-gcc -Wl,-T -Wl,../src/lscript.ld -L../../Raiden_bsp/microblaze_0/lib -mlittle-endian -mcpu=v9.6 -mxl-soft-mul -Wl,--no-relax -o "Raiden.elf"  ./src/helloworld.o ./src/platform.o   -Wl,--start-group,-lxil,-lgcc,-lc,--end-group
'Finished building target: Raiden.elf'
' '
'Invoking: MicroBlaze Print Size'
mb-size Raiden.elf  |tee "Raiden.elf.size"
   text	   data	    bss	    dec	    hex	filename
  38768	   1384	   6512	  46664	   b648	Raiden.elf
'Finished building: Raiden.elf.size'
' '
18:52:12 **** Incremental Build of configuration Debug for project Raiden ****
make all 
make: Nothing to be done for `all'.
18:56:24 **** Auto Build of configuration Debug for project Raiden ****
make all 
'Building file: ../src/helloworld.c'
'Invoking: MicroBlaze gcc compiler'
mb-gcc -Wall -O0 -g3 -c -fmessage-length=0 -MT"src/helloworld.o" -I../../Raiden_bsp/microblaze_0/include -mlittle-endian -mcpu=v9.6 -mxl-soft-mul -Wl,--no-relax -MMD -MP -MF"src/helloworld.d" -MT"src/helloworld.o" -o "src/helloworld.o" "../src/helloworld.c"
'Finished building: ../src/helloworld.c'
' '
'Building target: Raiden.elf'
'Invoking: MicroBlaze gcc linker'
mb-gcc -Wl,-T -Wl,../src/lscript.ld -L../../Raiden_bsp/microblaze_0/lib -mlittle-endian -mcpu=v9.6 -mxl-soft-mul -Wl,--no-relax -o "Raiden.elf"  ./src/helloworld.o ./src/platform.o   -Wl,--start-group,-lxil,-lgcc,-lc,--end-group
'Finished building target: Raiden.elf'
' '
'Invoking: MicroBlaze Print Size'
mb-size Raiden.elf  |tee "Raiden.elf.size"
   text	   data	    bss	    dec	    hex	filename
  38768	   1384	   6512	  46664	   b648	Raiden.elf
'Finished building: Raiden.elf.size'
' '
18:57:01 **** Auto Build of configuration Debug for project Raiden ****
make all 
'Building file: ../src/helloworld.c'
'Invoking: MicroBlaze gcc compiler'
mb-gcc -Wall -O0 -g3 -c -fmessage-length=0 -MT"src/helloworld.o" -I../../Raiden_bsp/microblaze_0/include -mlittle-endian -mcpu=v9.6 -mxl-soft-mul -Wl,--no-relax -MMD -MP -MF"src/helloworld.d" -MT"src/helloworld.o" -o "src/helloworld.o" "../src/helloworld.c"
'Finished building: ../src/helloworld.c'
' '
'Building target: Raiden.elf'
'Invoking: MicroBlaze gcc linker'
mb-gcc -Wl,-T -Wl,../src/lscript.ld -L../../Raiden_bsp/microblaze_0/lib -mlittle-endian -mcpu=v9.6 -mxl-soft-mul -Wl,--no-relax -o "Raiden.elf"  ./src/helloworld.o ./src/platform.o   -Wl,--start-group,-lxil,-lgcc,-lc,--end-group
'Finished building target: Raiden.elf'
' '
'Invoking: MicroBlaze Print Size'
mb-size Raiden.elf  |tee "Raiden.elf.size"
   text	   data	    bss	    dec	    hex	filename
  38816	   1384	   6512	  46712	   b678	Raiden.elf
'Finished building: Raiden.elf.size'
' '
18:57:05 **** Incremental Build of configuration Debug for project Raiden ****
make all 
make: Nothing to be done for `all'.
19:12:01 **** Auto Build of configuration Debug for project Raiden ****
make all 
'Building file: ../src/helloworld.c'
'Invoking: MicroBlaze gcc compiler'
mb-gcc -Wall -O0 -g3 -c -fmessage-length=0 -MT"src/helloworld.o" -I../../Raiden_bsp/microblaze_0/include -mlittle-endian -mcpu=v9.6 -mxl-soft-mul -Wl,--no-relax -MMD -MP -MF"src/helloworld.d" -MT"src/helloworld.o" -o "src/helloworld.o" "../src/helloworld.c"
'Finished building: ../src/helloworld.c'
' '
'Building target: Raiden.elf'
'Invoking: MicroBlaze gcc linker'
mb-gcc -Wl,-T -Wl,../src/lscript.ld -L../../Raiden_bsp/microblaze_0/lib -mlittle-endian -mcpu=v9.6 -mxl-soft-mul -Wl,--no-relax -o "Raiden.elf"  ./src/helloworld.o ./src/platform.o   -Wl,--start-group,-lxil,-lgcc,-lc,--end-group
'Finished building target: Raiden.elf'
' '
'Invoking: MicroBlaze Print Size'
mb-size Raiden.elf  |tee "Raiden.elf.size"
   text	   data	    bss	    dec	    hex	filename
  38828	   1384	   6524	  46736	   b690	Raiden.elf
'Finished building: Raiden.elf.size'
' '
19:19:32 **** Auto Build of configuration Debug for project Raiden ****
make all 
'Building file: ../src/helloworld.c'
'Invoking: MicroBlaze gcc compiler'
mb-gcc -Wall -O0 -g3 -c -fmessage-length=0 -MT"src/helloworld.o" -I../../Raiden_bsp/microblaze_0/include -mlittle-endian -mcpu=v9.6 -mxl-soft-mul -Wl,--no-relax -MMD -MP -MF"src/helloworld.d" -MT"src/helloworld.o" -o "src/helloworld.o" "../src/helloworld.c"
'Finished building: ../src/helloworld.c'
' '
'Building target: Raiden.elf'
'Invoking: MicroBlaze gcc linker'
mb-gcc -Wl,-T -Wl,../src/lscript.ld -L../../Raiden_bsp/microblaze_0/lib -mlittle-endian -mcpu=v9.6 -mxl-soft-mul -Wl,--no-relax -o "Raiden.elf"  ./src/helloworld.o ./src/platform.o   -Wl,--start-group,-lxil,-lgcc,-lc,--end-group
'Finished building target: Raiden.elf'
' '
'Invoking: MicroBlaze Print Size'
mb-size Raiden.elf  |tee "Raiden.elf.size"
   text	   data	    bss	    dec	    hex	filename
  38876	   1384	   6596	  46856	   b708	Raiden.elf
'Finished building: Raiden.elf.size'
' '
19:25:13 **** Auto Build of configuration Debug for project Raiden ****
make all 
'Building file: ../src/helloworld.c'
'Invoking: MicroBlaze gcc compiler'
mb-gcc -Wall -O0 -g3 -c -fmessage-length=0 -MT"src/helloworld.o" -I../../Raiden_bsp/microblaze_0/include -mlittle-endian -mcpu=v9.6 -mxl-soft-mul -Wl,--no-relax -MMD -MP -MF"src/helloworld.d" -MT"src/helloworld.o" -o "src/helloworld.o" "../src/helloworld.c"
'Finished building: ../src/helloworld.c'
' '
'Building target: Raiden.elf'
'Invoking: MicroBlaze gcc linker'
mb-gcc -Wl,-T -Wl,../src/lscript.ld -L../../Raiden_bsp/microblaze_0/lib -mlittle-endian -mcpu=v9.6 -mxl-soft-mul -Wl,--no-relax -o "Raiden.elf"  ./src/helloworld.o ./src/platform.o   -Wl,--start-group,-lxil,-lgcc,-lc,--end-group
'Finished building target: Raiden.elf'
' '
'Invoking: MicroBlaze Print Size'
mb-size Raiden.elf  |tee "Raiden.elf.size"
   text	   data	    bss	    dec	    hex	filename
  39452	   1384	   6596	  47432	   b948	Raiden.elf
'Finished building: Raiden.elf.size'
' '
19:25:21 **** Auto Build of configuration Debug for project Raiden ****
make all 
'Building file: ../src/helloworld.c'
'Invoking: MicroBlaze gcc compiler'
mb-gcc -Wall -O0 -g3 -c -fmessage-length=0 -MT"src/helloworld.o" -I../../Raiden_bsp/microblaze_0/include -mlittle-endian -mcpu=v9.6 -mxl-soft-mul -Wl,--no-relax -MMD -MP -MF"src/helloworld.d" -MT"src/helloworld.o" -o "src/helloworld.o" "../src/helloworld.c"
'Finished building: ../src/helloworld.c'
' '
'Building target: Raiden.elf'
'Invoking: MicroBlaze gcc linker'
mb-gcc -Wl,-T -Wl,../src/lscript.ld -L../../Raiden_bsp/microblaze_0/lib -mlittle-endian -mcpu=v9.6 -mxl-soft-mul -Wl,--no-relax -o "Raiden.elf"  ./src/helloworld.o ./src/platform.o   -Wl,--start-group,-lxil,-lgcc,-lc,--end-group
'Finished building target: Raiden.elf'
' '
'Invoking: MicroBlaze Print Size'
mb-size Raiden.elf  |tee "Raiden.elf.size"
   text	   data	    bss	    dec	    hex	filename
  39472	   1384	   6592	  47448	   b958	Raiden.elf
'Finished building: Raiden.elf.size'
' '
19:25:27 **** Auto Build of configuration Debug for project Raiden ****
make all 
'Building file: ../src/helloworld.c'
'Invoking: MicroBlaze gcc compiler'
mb-gcc -Wall -O0 -g3 -c -fmessage-length=0 -MT"src/helloworld.o" -I../../Raiden_bsp/microblaze_0/include -mlittle-endian -mcpu=v9.6 -mxl-soft-mul -Wl,--no-relax -MMD -MP -MF"src/helloworld.d" -MT"src/helloworld.o" -o "src/helloworld.o" "../src/helloworld.c"
'Finished building: ../src/helloworld.c'
' '
'Building target: Raiden.elf'
'Invoking: MicroBlaze gcc linker'
mb-gcc -Wl,-T -Wl,../src/lscript.ld -L../../Raiden_bsp/microblaze_0/lib -mlittle-endian -mcpu=v9.6 -mxl-soft-mul -Wl,--no-relax -o "Raiden.elf"  ./src/helloworld.o ./src/platform.o   -Wl,--start-group,-lxil,-lgcc,-lc,--end-group
'Finished building target: Raiden.elf'
' '
'Invoking: MicroBlaze Print Size'
mb-size Raiden.elf  |tee "Raiden.elf.size"
   text	   data	    bss	    dec	    hex	filename
  39484	   1384	   6596	  47464	   b968	Raiden.elf
'Finished building: Raiden.elf.size'
' '
19:28:20 **** Auto Build of configuration Debug for project Raiden ****
make all 
'Building file: ../src/helloworld.c'
'Invoking: MicroBlaze gcc compiler'
mb-gcc -Wall -O0 -g3 -c -fmessage-length=0 -MT"src/helloworld.o" -I../../Raiden_bsp/microblaze_0/include -mlittle-endian -mcpu=v9.6 -mxl-soft-mul -Wl,--no-relax -MMD -MP -MF"src/helloworld.d" -MT"src/helloworld.o" -o "src/helloworld.o" "../src/helloworld.c"
'Finished building: ../src/helloworld.c'
' '
'Building target: Raiden.elf'
'Invoking: MicroBlaze gcc linker'
mb-gcc -Wl,-T -Wl,../src/lscript.ld -L../../Raiden_bsp/microblaze_0/lib -mlittle-endian -mcpu=v9.6 -mxl-soft-mul -Wl,--no-relax -o "Raiden.elf"  ./src/helloworld.o ./src/platform.o   -Wl,--start-group,-lxil,-lgcc,-lc,--end-group
'Finished building target: Raiden.elf'
' '
'Invoking: MicroBlaze Print Size'
mb-size Raiden.elf  |tee "Raiden.elf.size"
   text	   data	    bss	    dec	    hex	filename
  39484	   1384	   6596	  47464	   b968	Raiden.elf
'Finished building: Raiden.elf.size'
' '
19:34:31 **** Auto Build of configuration Debug for project Raiden ****
make all 
'Building file: ../src/helloworld.c'
'Invoking: MicroBlaze gcc compiler'
mb-gcc -Wall -O0 -g3 -c -fmessage-length=0 -MT"src/helloworld.o" -I../../Raiden_bsp/microblaze_0/include -mlittle-endian -mcpu=v9.6 -mxl-soft-mul -Wl,--no-relax -MMD -MP -MF"src/helloworld.d" -MT"src/helloworld.o" -o "src/helloworld.o" "../src/helloworld.c"
'Finished building: ../src/helloworld.c'
' '
'Building target: Raiden.elf'
'Invoking: MicroBlaze gcc linker'
mb-gcc -Wl,-T -Wl,../src/lscript.ld -L../../Raiden_bsp/microblaze_0/lib -mlittle-endian -mcpu=v9.6 -mxl-soft-mul -Wl,--no-relax -o "Raiden.elf"  ./src/helloworld.o ./src/platform.o   -Wl,--start-group,-lxil,-lgcc,-lc,--end-group
'Finished building target: Raiden.elf'
' '
'Invoking: MicroBlaze Print Size'
mb-size Raiden.elf  |tee "Raiden.elf.size"
   text	   data	    bss	    dec	    hex	filename
  40336	   1384	   6592	  48312	   bcb8	Raiden.elf
'Finished building: Raiden.elf.size'
' '
19:34:39 **** Incremental Build of configuration Debug for project Raiden ****
make all 
make: Nothing to be done for `all'.
19:35:51 **** Auto Build of configuration Debug for project Raiden ****
make all 
'Building file: ../src/helloworld.c'
'Invoking: MicroBlaze gcc compiler'
mb-gcc -Wall -O0 -g3 -c -fmessage-length=0 -MT"src/helloworld.o" -I../../Raiden_bsp/microblaze_0/include -mlittle-endian -mcpu=v9.6 -mxl-soft-mul -Wl,--no-relax -MMD -MP -MF"src/helloworld.d" -MT"src/helloworld.o" -o "src/helloworld.o" "../src/helloworld.c"
'Finished building: ../src/helloworld.c'
' '
'Building target: Raiden.elf'
'Invoking: MicroBlaze gcc linker'
mb-gcc -Wl,-T -Wl,../src/lscript.ld -L../../Raiden_bsp/microblaze_0/lib -mlittle-endian -mcpu=v9.6 -mxl-soft-mul -Wl,--no-relax -o "Raiden.elf"  ./src/helloworld.o ./src/platform.o   -Wl,--start-group,-lxil,-lgcc,-lc,--end-group
'Finished building target: Raiden.elf'
' '
'Invoking: MicroBlaze Print Size'
mb-size Raiden.elf  |tee "Raiden.elf.size"
   text	   data	    bss	    dec	    hex	filename
  40336	   1384	   6592	  48312	   bcb8	Raiden.elf
'Finished building: Raiden.elf.size'
' '
19:36:13 **** Incremental Build of configuration Debug for project Raiden ****
make all 
make: Nothing to be done for `all'.
19:37:28 **** Auto Build of configuration Debug for project Raiden ****
make all 
'Building file: ../src/helloworld.c'
'Invoking: MicroBlaze gcc compiler'
mb-gcc -Wall -O0 -g3 -c -fmessage-length=0 -MT"src/helloworld.o" -I../../Raiden_bsp/microblaze_0/include -mlittle-endian -mcpu=v9.6 -mxl-soft-mul -Wl,--no-relax -MMD -MP -MF"src/helloworld.d" -MT"src/helloworld.o" -o "src/helloworld.o" "../src/helloworld.c"
'Finished building: ../src/helloworld.c'
' '
'Building target: Raiden.elf'
'Invoking: MicroBlaze gcc linker'
mb-gcc -Wl,-T -Wl,../src/lscript.ld -L../../Raiden_bsp/microblaze_0/lib -mlittle-endian -mcpu=v9.6 -mxl-soft-mul -Wl,--no-relax -o "Raiden.elf"  ./src/helloworld.o ./src/platform.o   -Wl,--start-group,-lxil,-lgcc,-lc,--end-group
'Finished building target: Raiden.elf'
' '
'Invoking: MicroBlaze Print Size'
mb-size Raiden.elf  |tee "Raiden.elf.size"
   text	   data	    bss	    dec	    hex	filename
  40336	   1384	   6592	  48312	   bcb8	Raiden.elf
'Finished building: Raiden.elf.size'
' '
19:37:33 **** Incremental Build of configuration Debug for project Raiden ****
make all 
make: Nothing to be done for `all'.
19:38:55 **** Auto Build of configuration Debug for project Raiden ****
make all 
'Building file: ../src/helloworld.c'
'Invoking: MicroBlaze gcc compiler'
mb-gcc -Wall -O0 -g3 -c -fmessage-length=0 -MT"src/helloworld.o" -I../../Raiden_bsp/microblaze_0/include -mlittle-endian -mcpu=v9.6 -mxl-soft-mul -Wl,--no-relax -MMD -MP -MF"src/helloworld.d" -MT"src/helloworld.o" -o "src/helloworld.o" "../src/helloworld.c"
'Finished building: ../src/helloworld.c'
' '
'Building target: Raiden.elf'
'Invoking: MicroBlaze gcc linker'
mb-gcc -Wl,-T -Wl,../src/lscript.ld -L../../Raiden_bsp/microblaze_0/lib -mlittle-endian -mcpu=v9.6 -mxl-soft-mul -Wl,--no-relax -o "Raiden.elf"  ./src/helloworld.o ./src/platform.o   -Wl,--start-group,-lxil,-lgcc,-lc,--end-group
'Finished building target: Raiden.elf'
' '
'Invoking: MicroBlaze Print Size'
mb-size Raiden.elf  |tee "Raiden.elf.size"
   text	   data	    bss	    dec	    hex	filename
  40336	   1384	   6592	  48312	   bcb8	Raiden.elf
'Finished building: Raiden.elf.size'
' '
19:38:59 **** Incremental Build of configuration Debug for project Raiden ****
make all 
make: Nothing to be done for `all'.
19:39:55 **** Auto Build of configuration Debug for project Raiden ****
make all 
'Building file: ../src/helloworld.c'
'Invoking: MicroBlaze gcc compiler'
mb-gcc -Wall -O0 -g3 -c -fmessage-length=0 -MT"src/helloworld.o" -I../../Raiden_bsp/microblaze_0/include -mlittle-endian -mcpu=v9.6 -mxl-soft-mul -Wl,--no-relax -MMD -MP -MF"src/helloworld.d" -MT"src/helloworld.o" -o "src/helloworld.o" "../src/helloworld.c"
'Finished building: ../src/helloworld.c'
' '
'Building target: Raiden.elf'
'Invoking: MicroBlaze gcc linker'
mb-gcc -Wl,-T -Wl,../src/lscript.ld -L../../Raiden_bsp/microblaze_0/lib -mlittle-endian -mcpu=v9.6 -mxl-soft-mul -Wl,--no-relax -o "Raiden.elf"  ./src/helloworld.o ./src/platform.o   -Wl,--start-group,-lxil,-lgcc,-lc,--end-group
'Finished building target: Raiden.elf'
' '
'Invoking: MicroBlaze Print Size'
mb-size Raiden.elf  |tee "Raiden.elf.size"
   text	   data	    bss	    dec	    hex	filename
  40336	   1384	   6592	  48312	   bcb8	Raiden.elf
'Finished building: Raiden.elf.size'
' '
19:40:03 **** Incremental Build of configuration Debug for project Raiden ****
make all 
make: Nothing to be done for `all'.
19:43:52 **** Auto Build of configuration Debug for project Raiden ****
make all 
'Building file: ../src/helloworld.c'
'Invoking: MicroBlaze gcc compiler'
mb-gcc -Wall -O0 -g3 -c -fmessage-length=0 -MT"src/helloworld.o" -I../../Raiden_bsp/microblaze_0/include -mlittle-endian -mcpu=v9.6 -mxl-soft-mul -Wl,--no-relax -MMD -MP -MF"src/helloworld.d" -MT"src/helloworld.o" -o "src/helloworld.o" "../src/helloworld.c"
../src/helloworld.c: In function 'main':
../src/helloworld.c:804:5: error: expected ';' before '}' token
     }
     ^
make: *** [src/helloworld.o] ´íÎó 1
19:43:56 **** Auto Build of configuration Debug for project Raiden ****
make all 
'Building file: ../src/helloworld.c'
'Invoking: MicroBlaze gcc compiler'
mb-gcc -Wall -O0 -g3 -c -fmessage-length=0 -MT"src/helloworld.o" -I../../Raiden_bsp/microblaze_0/include -mlittle-endian -mcpu=v9.6 -mxl-soft-mul -Wl,--no-relax -MMD -MP -MF"src/helloworld.d" -MT"src/helloworld.o" -o "src/helloworld.o" "../src/helloworld.c"
'Finished building: ../src/helloworld.c'
' '
'Building target: Raiden.elf'
'Invoking: MicroBlaze gcc linker'
mb-gcc -Wl,-T -Wl,../src/lscript.ld -L../../Raiden_bsp/microblaze_0/lib -mlittle-endian -mcpu=v9.6 -mxl-soft-mul -Wl,--no-relax -o "Raiden.elf"  ./src/helloworld.o ./src/platform.o   -Wl,--start-group,-lxil,-lgcc,-lc,--end-group
'Finished building target: Raiden.elf'
' '
'Invoking: MicroBlaze Print Size'
mb-size Raiden.elf  |tee "Raiden.elf.size"
   text	   data	    bss	    dec	    hex	filename
  40340	   1384	   6596	  48320	   bcc0	Raiden.elf
'Finished building: Raiden.elf.size'
' '
19:44:03 **** Incremental Build of configuration Debug for project Raiden ****
make all 
make: Nothing to be done for `all'.
19:45:55 **** Auto Build of configuration Debug for project Raiden ****
make all 
'Building file: ../src/helloworld.c'
'Invoking: MicroBlaze gcc compiler'
mb-gcc -Wall -O0 -g3 -c -fmessage-length=0 -MT"src/helloworld.o" -I../../Raiden_bsp/microblaze_0/include -mlittle-endian -mcpu=v9.6 -mxl-soft-mul -Wl,--no-relax -MMD -MP -MF"src/helloworld.d" -MT"src/helloworld.o" -o "src/helloworld.o" "../src/helloworld.c"
'Finished building: ../src/helloworld.c'
' '
'Building target: Raiden.elf'
'Invoking: MicroBlaze gcc linker'
mb-gcc -Wl,-T -Wl,../src/lscript.ld -L../../Raiden_bsp/microblaze_0/lib -mlittle-endian -mcpu=v9.6 -mxl-soft-mul -Wl,--no-relax -o "Raiden.elf"  ./src/helloworld.o ./src/platform.o   -Wl,--start-group,-lxil,-lgcc,-lc,--end-group
'Finished building target: Raiden.elf'
' '
'Invoking: MicroBlaze Print Size'
mb-size Raiden.elf  |tee "Raiden.elf.size"
   text	   data	    bss	    dec	    hex	filename
  40340	   1384	   6596	  48320	   bcc0	Raiden.elf
'Finished building: Raiden.elf.size'
' '
19:46:02 **** Incremental Build of configuration Debug for project Raiden ****
make all 
make: Nothing to be done for `all'.
19:49:12 **** Auto Build of configuration Debug for project Raiden ****
make all 
'Building file: ../src/helloworld.c'
'Invoking: MicroBlaze gcc compiler'
mb-gcc -Wall -O0 -g3 -c -fmessage-length=0 -MT"src/helloworld.o" -I../../Raiden_bsp/microblaze_0/include -mlittle-endian -mcpu=v9.6 -mxl-soft-mul -Wl,--no-relax -MMD -MP -MF"src/helloworld.d" -MT"src/helloworld.o" -o "src/helloworld.o" "../src/helloworld.c"
'Finished building: ../src/helloworld.c'
' '
'Building target: Raiden.elf'
'Invoking: MicroBlaze gcc linker'
mb-gcc -Wl,-T -Wl,../src/lscript.ld -L../../Raiden_bsp/microblaze_0/lib -mlittle-endian -mcpu=v9.6 -mxl-soft-mul -Wl,--no-relax -o "Raiden.elf"  ./src/helloworld.o ./src/platform.o   -Wl,--start-group,-lxil,-lgcc,-lc,--end-group
'Finished building target: Raiden.elf'
' '
'Invoking: MicroBlaze Print Size'
mb-size Raiden.elf  |tee "Raiden.elf.size"
   text	   data	    bss	    dec	    hex	filename
  40340	   1384	   6596	  48320	   bcc0	Raiden.elf
'Finished building: Raiden.elf.size'
' '
19:49:50 **** Incremental Build of configuration Debug for project Raiden ****
make all 
make: Nothing to be done for `all'.
19:58:51 **** Auto Build of configuration Debug for project Raiden ****
make all 
'Building file: ../src/helloworld.c'
'Invoking: MicroBlaze gcc compiler'
mb-gcc -Wall -O0 -g3 -c -fmessage-length=0 -MT"src/helloworld.o" -I../../Raiden_bsp/microblaze_0/include -mlittle-endian -mcpu=v9.6 -mxl-soft-mul -Wl,--no-relax -MMD -MP -MF"src/helloworld.d" -MT"src/helloworld.o" -o "src/helloworld.o" "../src/helloworld.c"
'Finished building: ../src/helloworld.c'
' '
'Building target: Raiden.elf'
'Invoking: MicroBlaze gcc linker'
mb-gcc -Wl,-T -Wl,../src/lscript.ld -L../../Raiden_bsp/microblaze_0/lib -mlittle-endian -mcpu=v9.6 -mxl-soft-mul -Wl,--no-relax -o "Raiden.elf"  ./src/helloworld.o ./src/platform.o   -Wl,--start-group,-lxil,-lgcc,-lc,--end-group
'Finished building target: Raiden.elf'
' '
'Invoking: MicroBlaze Print Size'
mb-size Raiden.elf  |tee "Raiden.elf.size"
   text	   data	    bss	    dec	    hex	filename
  41516	   1384	   6596	  49496	   c158	Raiden.elf
'Finished building: Raiden.elf.size'
' '
19:58:58 **** Incremental Build of configuration Debug for project Raiden ****
make all 
make: Nothing to be done for `all'.
01:14:30 **** Incremental Build of configuration Debug for project Raiden ****
make all 
make: Nothing to be done for `all'.
12:04:16 **** Auto Build of configuration Debug for project Raiden ****
make all 
'Building file: ../src/helloworld.c'
'Invoking: MicroBlaze gcc compiler'
mb-gcc -Wall -O0 -g3 -c -fmessage-length=0 -MT"src/helloworld.o" -I../../Raiden_bsp/microblaze_0/include -mlittle-endian -mcpu=v9.6 -mxl-soft-mul -Wl,--no-relax -MMD -MP -MF"src/helloworld.d" -MT"src/helloworld.o" -o "src/helloworld.o" "../src/helloworld.c"
'Finished building: ../src/helloworld.c'
' '
'Building target: Raiden.elf'
'Invoking: MicroBlaze gcc linker'
mb-gcc -Wl,-T -Wl,../src/lscript.ld -L../../Raiden_bsp/microblaze_0/lib -mlittle-endian -mcpu=v9.6 -mxl-soft-mul -Wl,--no-relax -o "Raiden.elf"  ./src/helloworld.o ./src/platform.o   -Wl,--start-group,-lxil,-lgcc,-lc,--end-group
'Finished building target: Raiden.elf'
' '
'Invoking: MicroBlaze Print Size'
mb-size Raiden.elf  |tee "Raiden.elf.size"
   text	   data	    bss	    dec	    hex	filename
  41784	   1384	   6592	  49760	   c260	Raiden.elf
'Finished building: Raiden.elf.size'
' '
12:04:48 **** Auto Build of configuration Debug for project Raiden ****
make all 
'Building file: ../src/helloworld.c'
'Invoking: MicroBlaze gcc compiler'
mb-gcc -Wall -O0 -g3 -c -fmessage-length=0 -MT"src/helloworld.o" -I../../Raiden_bsp/microblaze_0/include -mlittle-endian -mcpu=v9.6 -mxl-soft-mul -Wl,--no-relax -MMD -MP -MF"src/helloworld.d" -MT"src/helloworld.o" -o "src/helloworld.o" "../src/helloworld.c"
'Finished building: ../src/helloworld.c'
' '
'Building target: Raiden.elf'
'Invoking: MicroBlaze gcc linker'
mb-gcc -Wl,-T -Wl,../src/lscript.ld -L../../Raiden_bsp/microblaze_0/lib -mlittle-endian -mcpu=v9.6 -mxl-soft-mul -Wl,--no-relax -o "Raiden.elf"  ./src/helloworld.o ./src/platform.o   -Wl,--start-group,-lxil,-lgcc,-lc,--end-group
'Finished building target: Raiden.elf'
' '
'Invoking: MicroBlaze Print Size'
mb-size Raiden.elf  |tee "Raiden.elf.size"
   text	   data	    bss	    dec	    hex	filename
  41820	   1384	   6596	  49800	   c288	Raiden.elf
'Finished building: Raiden.elf.size'
' '
12:04:56 **** Auto Build of configuration Debug for project Raiden ****
make all 
'Building file: ../src/helloworld.c'
'Invoking: MicroBlaze gcc compiler'
mb-gcc -Wall -O0 -g3 -c -fmessage-length=0 -MT"src/helloworld.o" -I../../Raiden_bsp/microblaze_0/include -mlittle-endian -mcpu=v9.6 -mxl-soft-mul -Wl,--no-relax -MMD -MP -MF"src/helloworld.d" -MT"src/helloworld.o" -o "src/helloworld.o" "../src/helloworld.c"
'Finished building: ../src/helloworld.c'
' '
'Building target: Raiden.elf'
'Invoking: MicroBlaze gcc linker'
mb-gcc -Wl,-T -Wl,../src/lscript.ld -L../../Raiden_bsp/microblaze_0/lib -mlittle-endian -mcpu=v9.6 -mxl-soft-mul -Wl,--no-relax -o "Raiden.elf"  ./src/helloworld.o ./src/platform.o   -Wl,--start-group,-lxil,-lgcc,-lc,--end-group
'Finished building target: Raiden.elf'
' '
'Invoking: MicroBlaze Print Size'
mb-size Raiden.elf  |tee "Raiden.elf.size"
   text	   data	    bss	    dec	    hex	filename
  41824	   1384	   6592	  49800	   c288	Raiden.elf
'Finished building: Raiden.elf.size'
' '
12:05:01 **** Incremental Build of configuration Debug for project Raiden ****
make all 
make: Nothing to be done for `all'.
12:05:40 **** Incremental Build of configuration Debug for project Raiden ****
make all 
make: Nothing to be done for `all'.
12:10:44 **** Incremental Build of configuration Debug for project Raiden ****
make all 
make: Nothing to be done for `all'.
12:43:52 **** Incremental Build of configuration Debug for project Raiden ****
make all 
make: Nothing to be done for `all'.
12:57:08 **** Auto Build of configuration Debug for project Raiden ****
make all 
'Building file: ../src/helloworld.c'
'Invoking: MicroBlaze gcc compiler'
mb-gcc -Wall -O0 -g3 -c -fmessage-length=0 -MT"src/helloworld.o" -I../../Raiden_bsp/microblaze_0/include -mlittle-endian -mcpu=v9.6 -mxl-soft-mul -Wl,--no-relax -MMD -MP -MF"src/helloworld.d" -MT"src/helloworld.o" -o "src/helloworld.o" "../src/helloworld.c"
'Finished building: ../src/helloworld.c'
' '
'Building target: Raiden.elf'
'Invoking: MicroBlaze gcc linker'
mb-gcc -Wl,-T -Wl,../src/lscript.ld -L../../Raiden_bsp/microblaze_0/lib -mlittle-endian -mcpu=v9.6 -mxl-soft-mul -Wl,--no-relax -o "Raiden.elf"  ./src/helloworld.o ./src/platform.o   -Wl,--start-group,-lxil,-lgcc,-lc,--end-group
'Finished building target: Raiden.elf'
' '
'Invoking: MicroBlaze Print Size'
mb-size Raiden.elf  |tee "Raiden.elf.size"
   text	   data	    bss	    dec	    hex	filename
  41956	   1384	   9044	  52384	   cca0	Raiden.elf
'Finished building: Raiden.elf.size'
' '
12:58:29 **** Auto Build of configuration Debug for project Raiden ****
make all 
'Building file: ../src/helloworld.c'
'Invoking: MicroBlaze gcc compiler'
mb-gcc -Wall -O0 -g3 -c -fmessage-length=0 -MT"src/helloworld.o" -I../../Raiden_bsp/microblaze_0/include -mlittle-endian -mcpu=v9.6 -mxl-soft-mul -Wl,--no-relax -MMD -MP -MF"src/helloworld.d" -MT"src/helloworld.o" -o "src/helloworld.o" "../src/helloworld.c"
'Finished building: ../src/helloworld.c'
' '
'Building target: Raiden.elf'
'Invoking: MicroBlaze gcc linker'
mb-gcc -Wl,-T -Wl,../src/lscript.ld -L../../Raiden_bsp/microblaze_0/lib -mlittle-endian -mcpu=v9.6 -mxl-soft-mul -Wl,--no-relax -o "Raiden.elf"  ./src/helloworld.o ./src/platform.o   -Wl,--start-group,-lxil,-lgcc,-lc,--end-group
'Finished building target: Raiden.elf'
' '
'Invoking: MicroBlaze Print Size'
mb-size Raiden.elf  |tee "Raiden.elf.size"
   text	   data	    bss	    dec	    hex	filename
  42100	   1384	   9044	  52528	   cd30	Raiden.elf
'Finished building: Raiden.elf.size'
' '
13:05:59 **** Auto Build of configuration Debug for project Raiden ****
make all 
'Building file: ../src/helloworld.c'
'Invoking: MicroBlaze gcc compiler'
mb-gcc -Wall -O0 -g3 -c -fmessage-length=0 -MT"src/helloworld.o" -I../../Raiden_bsp/microblaze_0/include -mlittle-endian -mcpu=v9.6 -mxl-soft-mul -Wl,--no-relax -MMD -MP -MF"src/helloworld.d" -MT"src/helloworld.o" -o "src/helloworld.o" "../src/helloworld.c"
'Finished building: ../src/helloworld.c'
' '
'Building target: Raiden.elf'
'Invoking: MicroBlaze gcc linker'
mb-gcc -Wl,-T -Wl,../src/lscript.ld -L../../Raiden_bsp/microblaze_0/lib -mlittle-endian -mcpu=v9.6 -mxl-soft-mul -Wl,--no-relax -o "Raiden.elf"  ./src/helloworld.o ./src/platform.o   -Wl,--start-group,-lxil,-lgcc,-lc,--end-group
'Finished building target: Raiden.elf'
' '
'Invoking: MicroBlaze Print Size'
mb-size Raiden.elf  |tee "Raiden.elf.size"
   text	   data	    bss	    dec	    hex	filename
  42652	   1384	   9044	  53080	   cf58	Raiden.elf
'Finished building: Raiden.elf.size'
' '
13:06:10 **** Auto Build of configuration Debug for project Raiden ****
make all 
'Building file: ../src/helloworld.c'
'Invoking: MicroBlaze gcc compiler'
mb-gcc -Wall -O0 -g3 -c -fmessage-length=0 -MT"src/helloworld.o" -I../../Raiden_bsp/microblaze_0/include -mlittle-endian -mcpu=v9.6 -mxl-soft-mul -Wl,--no-relax -MMD -MP -MF"src/helloworld.d" -MT"src/helloworld.o" -o "src/helloworld.o" "../src/helloworld.c"
'Finished building: ../src/helloworld.c'
' '
'Building target: Raiden.elf'
'Invoking: MicroBlaze gcc linker'
[...]
'Invoking: MicroBlaze gcc linker'
mb-gcc -Wl,-T -Wl,../src/lscript.ld -L../../Raiden_bsp/microblaze_0/lib -mlittle-endian -mcpu=v9.6 -mxl-soft-mul -Wl,--no-relax -o "Raiden.elf"  ./src/helloworld.o ./src/platform.o   -Wl,--start-group,-lxil,-lgcc,-lc,--end-group
'Finished building target: Raiden.elf'
' '
'Invoking: MicroBlaze Print Size'
mb-size Raiden.elf  |tee "Raiden.elf.size"
   text	   data	    bss	    dec	    hex	filename
  50568	   1384	   9240	  61192	   ef08	Raiden.elf
'Finished building: Raiden.elf.size'
' '
20:07:54 **** Incremental Build of configuration Debug for project Raiden ****
make all 
make: Nothing to be done for `all'.
20:11:20 **** Auto Build of configuration Debug for project Raiden ****
make all 
'Building file: ../src/helloworld.c'
'Invoking: MicroBlaze gcc compiler'
mb-gcc -Wall -O0 -g3 -c -fmessage-length=0 -MT"src/helloworld.o" -I../../Raiden_bsp/microblaze_0/include -mlittle-endian -mcpu=v9.6 -mxl-soft-mul -Wl,--no-relax -MMD -MP -MF"src/helloworld.d" -MT"src/helloworld.o" -o "src/helloworld.o" "../src/helloworld.c"
'Finished building: ../src/helloworld.c'
' '
'Building target: Raiden.elf'
'Invoking: MicroBlaze gcc linker'
mb-gcc -Wl,-T -Wl,../src/lscript.ld -L../../Raiden_bsp/microblaze_0/lib -mlittle-endian -mcpu=v9.6 -mxl-soft-mul -Wl,--no-relax -o "Raiden.elf"  ./src/helloworld.o ./src/platform.o   -Wl,--start-group,-lxil,-lgcc,-lc,--end-group
'Finished building target: Raiden.elf'
' '
'Invoking: MicroBlaze Print Size'
mb-size Raiden.elf  |tee "Raiden.elf.size"
   text	   data	    bss	    dec	    hex	filename
  50600	   1384	   9240	  61224	   ef28	Raiden.elf
'Finished building: Raiden.elf.size'
' '
20:11:23 **** Incremental Build of configuration Debug for project Raiden ****
make all 
make: Nothing to be done for `all'.
20:12:23 **** Incremental Build of configuration Debug for project Raiden ****
make all 
make: Nothing to be done for `all'.
20:22:19 **** Auto Build of configuration Debug for project Raiden ****
make all 
'Building file: ../src/helloworld.c'
'Invoking: MicroBlaze gcc compiler'
mb-gcc -Wall -O0 -g3 -c -fmessage-length=0 -MT"src/helloworld.o" -I../../Raiden_bsp/microblaze_0/include -mlittle-endian -mcpu=v9.6 -mxl-soft-mul -Wl,--no-relax -MMD -MP -MF"src/helloworld.d" -MT"src/helloworld.o" -o "src/helloworld.o" "../src/helloworld.c"
'Finished building: ../src/helloworld.c'
' '
'Building target: Raiden.elf'
'Invoking: MicroBlaze gcc linker'
mb-gcc -Wl,-T -Wl,../src/lscript.ld -L../../Raiden_bsp/microblaze_0/lib -mlittle-endian -mcpu=v9.6 -mxl-soft-mul -Wl,--no-relax -o "Raiden.elf"  ./src/helloworld.o ./src/platform.o   -Wl,--start-group,-lxil,-lgcc,-lc,--end-group
'Finished building target: Raiden.elf'
' '
'Invoking: MicroBlaze Print Size'
mb-size Raiden.elf  |tee "Raiden.elf.size"
   text	   data	    bss	    dec	    hex	filename
  50600	   1384	   9240	  61224	   ef28	Raiden.elf
'Finished building: Raiden.elf.size'
' '
20:23:02 **** Auto Build of configuration Debug for project Raiden ****
make all 
'Building file: ../src/helloworld.c'
'Invoking: MicroBlaze gcc compiler'
mb-gcc -Wall -O0 -g3 -c -fmessage-length=0 -MT"src/helloworld.o" -I../../Raiden_bsp/microblaze_0/include -mlittle-endian -mcpu=v9.6 -mxl-soft-mul -Wl,--no-relax -MMD -MP -MF"src/helloworld.d" -MT"src/helloworld.o" -o "src/helloworld.o" "../src/helloworld.c"
'Finished building: ../src/helloworld.c'
' '
'Building target: Raiden.elf'
'Invoking: MicroBlaze gcc linker'
mb-gcc -Wl,-T -Wl,../src/lscript.ld -L../../Raiden_bsp/microblaze_0/lib -mlittle-endian -mcpu=v9.6 -mxl-soft-mul -Wl,--no-relax -o "Raiden.elf"  ./src/helloworld.o ./src/platform.o   -Wl,--start-group,-lxil,-lgcc,-lc,--end-group
'Finished building target: Raiden.elf'
' '
'Invoking: MicroBlaze Print Size'
mb-size Raiden.elf  |tee "Raiden.elf.size"
   text	   data	    bss	    dec	    hex	filename
  50564	   1384	   9244	  61192	   ef08	Raiden.elf
'Finished building: Raiden.elf.size'
' '
20:23:24 **** Auto Build of configuration Debug for project Raiden ****
make all 
'Building file: ../src/helloworld.c'
'Invoking: MicroBlaze gcc compiler'
mb-gcc -Wall -O0 -g3 -c -fmessage-length=0 -MT"src/helloworld.o" -I../../Raiden_bsp/microblaze_0/include -mlittle-endian -mcpu=v9.6 -mxl-soft-mul -Wl,--no-relax -MMD -MP -MF"src/helloworld.d" -MT"src/helloworld.o" -o "src/helloworld.o" "../src/helloworld.c"
'Finished building: ../src/helloworld.c'
' '
'Building target: Raiden.elf'
'Invoking: MicroBlaze gcc linker'
mb-gcc -Wl,-T -Wl,../src/lscript.ld -L../../Raiden_bsp/microblaze_0/lib -mlittle-endian -mcpu=v9.6 -mxl-soft-mul -Wl,--no-relax -o "Raiden.elf"  ./src/helloworld.o ./src/platform.o   -Wl,--start-group,-lxil,-lgcc,-lc,--end-group
'Finished building target: Raiden.elf'
' '
'Invoking: MicroBlaze Print Size'
mb-size Raiden.elf  |tee "Raiden.elf.size"
   text	   data	    bss	    dec	    hex	filename
  50560	   1384	   9240	  61184	   ef00	Raiden.elf
'Finished building: Raiden.elf.size'
' '
20:23:47 **** Incremental Build of configuration Debug for project Raiden ****
make all 
make: Nothing to be done for `all'.
20:26:10 **** Auto Build of configuration Debug for project Raiden ****
make all 
'Building file: ../src/helloworld.c'
'Invoking: MicroBlaze gcc compiler'
mb-gcc -Wall -O0 -g3 -c -fmessage-length=0 -MT"src/helloworld.o" -I../../Raiden_bsp/microblaze_0/include -mlittle-endian -mcpu=v9.6 -mxl-soft-mul -Wl,--no-relax -MMD -MP -MF"src/helloworld.d" -MT"src/helloworld.o" -o "src/helloworld.o" "../src/helloworld.c"
'Finished building: ../src/helloworld.c'
' '
'Building target: Raiden.elf'
'Invoking: MicroBlaze gcc linker'
mb-gcc -Wl,-T -Wl,../src/lscript.ld -L../../Raiden_bsp/microblaze_0/lib -mlittle-endian -mcpu=v9.6 -mxl-soft-mul -Wl,--no-relax -o "Raiden.elf"  ./src/helloworld.o ./src/platform.o   -Wl,--start-group,-lxil,-lgcc,-lc,--end-group
'Finished building target: Raiden.elf'
' '
'Invoking: MicroBlaze Print Size'
mb-size Raiden.elf  |tee "Raiden.elf.size"
   text	   data	    bss	    dec	    hex	filename
  50552	   1384	   9240	  61176	   eef8	Raiden.elf
'Finished building: Raiden.elf.size'
' '
20:26:46 **** Auto Build of configuration Debug for project Raiden ****
make all 
'Building file: ../src/helloworld.c'
'Invoking: MicroBlaze gcc compiler'
mb-gcc -Wall -O0 -g3 -c -fmessage-length=0 -MT"src/helloworld.o" -I../../Raiden_bsp/microblaze_0/include -mlittle-endian -mcpu=v9.6 -mxl-soft-mul -Wl,--no-relax -MMD -MP -MF"src/helloworld.d" -MT"src/helloworld.o" -o "src/helloworld.o" "../src/helloworld.c"
'Finished building: ../src/helloworld.c'
' '
'Building target: Raiden.elf'
'Invoking: MicroBlaze gcc linker'
mb-gcc -Wl,-T -Wl,../src/lscript.ld -L../../Raiden_bsp/microblaze_0/lib -mlittle-endian -mcpu=v9.6 -mxl-soft-mul -Wl,--no-relax -o "Raiden.elf"  ./src/helloworld.o ./src/platform.o   -Wl,--start-group,-lxil,-lgcc,-lc,--end-group
'Finished building target: Raiden.elf'
' '
'Invoking: MicroBlaze Print Size'
mb-size Raiden.elf  |tee "Raiden.elf.size"
   text	   data	    bss	    dec	    hex	filename
  50552	   1384	   9240	  61176	   eef8	Raiden.elf
'Finished building: Raiden.elf.size'
' '
20:27:04 **** Auto Build of configuration Debug for project Raiden ****
make all 
'Building file: ../src/helloworld.c'
'Invoking: MicroBlaze gcc compiler'
mb-gcc -Wall -O0 -g3 -c -fmessage-length=0 -MT"src/helloworld.o" -I../../Raiden_bsp/microblaze_0/include -mlittle-endian -mcpu=v9.6 -mxl-soft-mul -Wl,--no-relax -MMD -MP -MF"src/helloworld.d" -MT"src/helloworld.o" -o "src/helloworld.o" "../src/helloworld.c"
'Finished building: ../src/helloworld.c'
' '
'Building target: Raiden.elf'
'Invoking: MicroBlaze gcc linker'
mb-gcc -Wl,-T -Wl,../src/lscript.ld -L../../Raiden_bsp/microblaze_0/lib -mlittle-endian -mcpu=v9.6 -mxl-soft-mul -Wl,--no-relax -o "Raiden.elf"  ./src/helloworld.o ./src/platform.o   -Wl,--start-group,-lxil,-lgcc,-lc,--end-group
'Finished building target: Raiden.elf'
' '
'Invoking: MicroBlaze Print Size'
mb-size Raiden.elf  |tee "Raiden.elf.size"
   text	   data	    bss	    dec	    hex	filename
  50552	   1384	   9240	  61176	   eef8	Raiden.elf
'Finished building: Raiden.elf.size'
' '
20:27:08 **** Incremental Build of configuration Debug for project Raiden ****
make all 
make: Nothing to be done for `all'.
20:30:30 **** Auto Build of configuration Debug for project Raiden ****
make all 
'Building file: ../src/helloworld.c'
'Invoking: MicroBlaze gcc compiler'
mb-gcc -Wall -O0 -g3 -c -fmessage-length=0 -MT"src/helloworld.o" -I../../Raiden_bsp/microblaze_0/include -mlittle-endian -mcpu=v9.6 -mxl-soft-mul -Wl,--no-relax -MMD -MP -MF"src/helloworld.d" -MT"src/helloworld.o" -o "src/helloworld.o" "../src/helloworld.c"
'Finished building: ../src/helloworld.c'
' '
'Building target: Raiden.elf'
'Invoking: MicroBlaze gcc linker'
mb-gcc -Wl,-T -Wl,../src/lscript.ld -L../../Raiden_bsp/microblaze_0/lib -mlittle-endian -mcpu=v9.6 -mxl-soft-mul -Wl,--no-relax -o "Raiden.elf"  ./src/helloworld.o ./src/platform.o   -Wl,--start-group,-lxil,-lgcc,-lc,--end-group
'Finished building target: Raiden.elf'
' '
'Invoking: MicroBlaze Print Size'
mb-size Raiden.elf  |tee "Raiden.elf.size"
   text	   data	    bss	    dec	    hex	filename
  50552	   1384	   9240	  61176	   eef8	Raiden.elf
'Finished building: Raiden.elf.size'
' '
20:30:39 **** Auto Build of configuration Debug for project Raiden ****
make all 
'Building file: ../src/helloworld.c'
'Invoking: MicroBlaze gcc compiler'
mb-gcc -Wall -O0 -g3 -c -fmessage-length=0 -MT"src/helloworld.o" -I../../Raiden_bsp/microblaze_0/include -mlittle-endian -mcpu=v9.6 -mxl-soft-mul -Wl,--no-relax -MMD -MP -MF"src/helloworld.d" -MT"src/helloworld.o" -o "src/helloworld.o" "../src/helloworld.c"
'Finished building: ../src/helloworld.c'
' '
'Building target: Raiden.elf'
'Invoking: MicroBlaze gcc linker'
mb-gcc -Wl,-T -Wl,../src/lscript.ld -L../../Raiden_bsp/microblaze_0/lib -mlittle-endian -mcpu=v9.6 -mxl-soft-mul -Wl,--no-relax -o "Raiden.elf"  ./src/helloworld.o ./src/platform.o   -Wl,--start-group,-lxil,-lgcc,-lc,--end-group
'Finished building target: Raiden.elf'
' '
'Invoking: MicroBlaze Print Size'
mb-size Raiden.elf  |tee "Raiden.elf.size"
   text	   data	    bss	    dec	    hex	filename
  50552	   1384	   9240	  61176	   eef8	Raiden.elf
'Finished building: Raiden.elf.size'
' '
20:30:43 **** Auto Build of configuration Debug for project Raiden ****
make all 
'Building file: ../src/helloworld.c'
'Invoking: MicroBlaze gcc compiler'
mb-gcc -Wall -O0 -g3 -c -fmessage-length=0 -MT"src/helloworld.o" -I../../Raiden_bsp/microblaze_0/include -mlittle-endian -mcpu=v9.6 -mxl-soft-mul -Wl,--no-relax -MMD -MP -MF"src/helloworld.d" -MT"src/helloworld.o" -o "src/helloworld.o" "../src/helloworld.c"
'Finished building: ../src/helloworld.c'
' '
'Building target: Raiden.elf'
'Invoking: MicroBlaze gcc linker'
mb-gcc -Wl,-T -Wl,../src/lscript.ld -L../../Raiden_bsp/microblaze_0/lib -mlittle-endian -mcpu=v9.6 -mxl-soft-mul -Wl,--no-relax -o "Raiden.elf"  ./src/helloworld.o ./src/platform.o   -Wl,--start-group,-lxil,-lgcc,-lc,--end-group
'Finished building target: Raiden.elf'
' '
'Invoking: MicroBlaze Print Size'
mb-size Raiden.elf  |tee "Raiden.elf.size"
   text	   data	    bss	    dec	    hex	filename
  50552	   1384	   9240	  61176	   eef8	Raiden.elf
'Finished building: Raiden.elf.size'
' '
20:30:57 **** Auto Build of configuration Debug for project Raiden ****
make all 
'Building file: ../src/helloworld.c'
'Invoking: MicroBlaze gcc compiler'
mb-gcc -Wall -O0 -g3 -c -fmessage-length=0 -MT"src/helloworld.o" -I../../Raiden_bsp/microblaze_0/include -mlittle-endian -mcpu=v9.6 -mxl-soft-mul -Wl,--no-relax -MMD -MP -MF"src/helloworld.d" -MT"src/helloworld.o" -o "src/helloworld.o" "../src/helloworld.c"
'Finished building: ../src/helloworld.c'
' '
'Building target: Raiden.elf'
'Invoking: MicroBlaze gcc linker'
mb-gcc -Wl,-T -Wl,../src/lscript.ld -L../../Raiden_bsp/microblaze_0/lib -mlittle-endian -mcpu=v9.6 -mxl-soft-mul -Wl,--no-relax -o "Raiden.elf"  ./src/helloworld.o ./src/platform.o   -Wl,--start-group,-lxil,-lgcc,-lc,--end-group
'Finished building target: Raiden.elf'
' '
'Invoking: MicroBlaze Print Size'
mb-size Raiden.elf  |tee "Raiden.elf.size"
   text	   data	    bss	    dec	    hex	filename
  50552	   1384	   9240	  61176	   eef8	Raiden.elf
'Finished building: Raiden.elf.size'
' '
20:31:07 **** Incremental Build of configuration Debug for project Raiden ****
make all 
make: Nothing to be done for `all'.
20:32:45 **** Auto Build of configuration Debug for project Raiden ****
make all 
'Building file: ../src/helloworld.c'
'Invoking: MicroBlaze gcc compiler'
mb-gcc -Wall -O0 -g3 -c -fmessage-length=0 -MT"src/helloworld.o" -I../../Raiden_bsp/microblaze_0/include -mlittle-endian -mcpu=v9.6 -mxl-soft-mul -Wl,--no-relax -MMD -MP -MF"src/helloworld.d" -MT"src/helloworld.o" -o "src/helloworld.o" "../src/helloworld.c"
'Finished building: ../src/helloworld.c'
' '
'Building target: Raiden.elf'
'Invoking: MicroBlaze gcc linker'
mb-gcc -Wl,-T -Wl,../src/lscript.ld -L../../Raiden_bsp/microblaze_0/lib -mlittle-endian -mcpu=v9.6 -mxl-soft-mul -Wl,--no-relax -o "Raiden.elf"  ./src/helloworld.o ./src/platform.o   -Wl,--start-group,-lxil,-lgcc,-lc,--end-group
'Finished building target: Raiden.elf'
' '
'Invoking: MicroBlaze Print Size'
mb-size Raiden.elf  |tee "Raiden.elf.size"
   text	   data	    bss	    dec	    hex	filename
  50552	   1384	   9240	  61176	   eef8	Raiden.elf
'Finished building: Raiden.elf.size'
' '
20:32:59 **** Auto Build of configuration Debug for project Raiden ****
make all 
'Building file: ../src/helloworld.c'
'Invoking: MicroBlaze gcc compiler'
mb-gcc -Wall -O0 -g3 -c -fmessage-length=0 -MT"src/helloworld.o" -I../../Raiden_bsp/microblaze_0/include -mlittle-endian -mcpu=v9.6 -mxl-soft-mul -Wl,--no-relax -MMD -MP -MF"src/helloworld.d" -MT"src/helloworld.o" -o "src/helloworld.o" "../src/helloworld.c"
'Finished building: ../src/helloworld.c'
' '
'Building target: Raiden.elf'
'Invoking: MicroBlaze gcc linker'
mb-gcc -Wl,-T -Wl,../src/lscript.ld -L../../Raiden_bsp/microblaze_0/lib -mlittle-endian -mcpu=v9.6 -mxl-soft-mul -Wl,--no-relax -o "Raiden.elf"  ./src/helloworld.o ./src/platform.o   -Wl,--start-group,-lxil,-lgcc,-lc,--end-group
'Finished building target: Raiden.elf'
' '
'Invoking: MicroBlaze Print Size'
mb-size Raiden.elf  |tee "Raiden.elf.size"
   text	   data	    bss	    dec	    hex	filename
  50552	   1384	   9240	  61176	   eef8	Raiden.elf
'Finished building: Raiden.elf.size'
' '
20:33:09 **** Auto Build of configuration Debug for project Raiden ****
make all 
'Building file: ../src/helloworld.c'
'Invoking: MicroBlaze gcc compiler'
mb-gcc -Wall -O0 -g3 -c -fmessage-length=0 -MT"src/helloworld.o" -I../../Raiden_bsp/microblaze_0/include -mlittle-endian -mcpu=v9.6 -mxl-soft-mul -Wl,--no-relax -MMD -MP -MF"src/helloworld.d" -MT"src/helloworld.o" -o "src/helloworld.o" "../src/helloworld.c"
'Finished building: ../src/helloworld.c'
' '
'Building target: Raiden.elf'
'Invoking: MicroBlaze gcc linker'
mb-gcc -Wl,-T -Wl,../src/lscript.ld -L../../Raiden_bsp/microblaze_0/lib -mlittle-endian -mcpu=v9.6 -mxl-soft-mul -Wl,--no-relax -o "Raiden.elf"  ./src/helloworld.o ./src/platform.o   -Wl,--start-group,-lxil,-lgcc,-lc,--end-group
'Finished building target: Raiden.elf'
' '
'Invoking: MicroBlaze Print Size'
mb-size Raiden.elf  |tee "Raiden.elf.size"
   text	   data	    bss	    dec	    hex	filename
  50552	   1384	   9240	  61176	   eef8	Raiden.elf
'Finished building: Raiden.elf.size'
' '
20:33:17 **** Incremental Build of configuration Debug for project Raiden ****
make all 
make: Nothing to be done for `all'.
20:34:33 **** Auto Build of configuration Debug for project Raiden ****
make all 
'Building file: ../src/helloworld.c'
'Invoking: MicroBlaze gcc compiler'
mb-gcc -Wall -O0 -g3 -c -fmessage-length=0 -MT"src/helloworld.o" -I../../Raiden_bsp/microblaze_0/include -mlittle-endian -mcpu=v9.6 -mxl-soft-mul -Wl,--no-relax -MMD -MP -MF"src/helloworld.d" -MT"src/helloworld.o" -o "src/helloworld.o" "../src/helloworld.c"
'Finished building: ../src/helloworld.c'
' '
'Building target: Raiden.elf'
'Invoking: MicroBlaze gcc linker'
mb-gcc -Wl,-T -Wl,../src/lscript.ld -L../../Raiden_bsp/microblaze_0/lib -mlittle-endian -mcpu=v9.6 -mxl-soft-mul -Wl,--no-relax -o "Raiden.elf"  ./src/helloworld.o ./src/platform.o   -Wl,--start-group,-lxil,-lgcc,-lc,--end-group
'Finished building target: Raiden.elf'
' '
'Invoking: MicroBlaze Print Size'
mb-size Raiden.elf  |tee "Raiden.elf.size"
   text	   data	    bss	    dec	    hex	filename
  50552	   1384	   9240	  61176	   eef8	Raiden.elf
'Finished building: Raiden.elf.size'
' '
20:34:54 **** Auto Build of configuration Debug for project Raiden ****
make all 
'Building file: ../src/helloworld.c'
'Invoking: MicroBlaze gcc compiler'
mb-gcc -Wall -O0 -g3 -c -fmessage-length=0 -MT"src/helloworld.o" -I../../Raiden_bsp/microblaze_0/include -mlittle-endian -mcpu=v9.6 -mxl-soft-mul -Wl,--no-relax -MMD -MP -MF"src/helloworld.d" -MT"src/helloworld.o" -o "src/helloworld.o" "../src/helloworld.c"
'Finished building: ../src/helloworld.c'
' '
'Building target: Raiden.elf'
'Invoking: MicroBlaze gcc linker'
mb-gcc -Wl,-T -Wl,../src/lscript.ld -L../../Raiden_bsp/microblaze_0/lib -mlittle-endian -mcpu=v9.6 -mxl-soft-mul -Wl,--no-relax -o "Raiden.elf"  ./src/helloworld.o ./src/platform.o   -Wl,--start-group,-lxil,-lgcc,-lc,--end-group
'Finished building target: Raiden.elf'
' '
'Invoking: MicroBlaze Print Size'
mb-size Raiden.elf  |tee "Raiden.elf.size"
   text	   data	    bss	    dec	    hex	filename
  50552	   1384	   9240	  61176	   eef8	Raiden.elf
'Finished building: Raiden.elf.size'
' '
20:35:17 **** Incremental Build of configuration Debug for project Raiden ****
make all 
make: Nothing to be done for `all'.
20:36:15 **** Auto Build of configuration Debug for project Raiden ****
make all 
'Building file: ../src/helloworld.c'
'Invoking: MicroBlaze gcc compiler'
mb-gcc -Wall -O0 -g3 -c -fmessage-length=0 -MT"src/helloworld.o" -I../../Raiden_bsp/microblaze_0/include -mlittle-endian -mcpu=v9.6 -mxl-soft-mul -Wl,--no-relax -MMD -MP -MF"src/helloworld.d" -MT"src/helloworld.o" -o "src/helloworld.o" "../src/helloworld.c"
'Finished building: ../src/helloworld.c'
' '
'Building target: Raiden.elf'
'Invoking: MicroBlaze gcc linker'
mb-gcc -Wl,-T -Wl,../src/lscript.ld -L../../Raiden_bsp/microblaze_0/lib -mlittle-endian -mcpu=v9.6 -mxl-soft-mul -Wl,--no-relax -o "Raiden.elf"  ./src/helloworld.o ./src/platform.o   -Wl,--start-group,-lxil,-lgcc,-lc,--end-group
'Finished building target: Raiden.elf'
' '
'Invoking: MicroBlaze Print Size'
mb-size Raiden.elf  |tee "Raiden.elf.size"
   text	   data	    bss	    dec	    hex	filename
  50552	   1384	   9240	  61176	   eef8	Raiden.elf
'Finished building: Raiden.elf.size'
' '
20:36:20 **** Auto Build of configuration Debug for project Raiden ****
make all 
'Building file: ../src/helloworld.c'
'Invoking: MicroBlaze gcc compiler'
mb-gcc -Wall -O0 -g3 -c -fmessage-length=0 -MT"src/helloworld.o" -I../../Raiden_bsp/microblaze_0/include -mlittle-endian -mcpu=v9.6 -mxl-soft-mul -Wl,--no-relax -MMD -MP -MF"src/helloworld.d" -MT"src/helloworld.o" -o "src/helloworld.o" "../src/helloworld.c"
'Finished building: ../src/helloworld.c'
' '
'Building target: Raiden.elf'
'Invoking: MicroBlaze gcc linker'
mb-gcc -Wl,-T -Wl,../src/lscript.ld -L../../Raiden_bsp/microblaze_0/lib -mlittle-endian -mcpu=v9.6 -mxl-soft-mul -Wl,--no-relax -o "Raiden.elf"  ./src/helloworld.o ./src/platform.o   -Wl,--start-group,-lxil,-lgcc,-lc,--end-group
'Finished building target: Raiden.elf'
' '
'Invoking: MicroBlaze Print Size'
mb-size Raiden.elf  |tee "Raiden.elf.size"
   text	   data	    bss	    dec	    hex	filename
  50552	   1384	   9240	  61176	   eef8	Raiden.elf
'Finished building: Raiden.elf.size'
' '
20:36:26 **** Incremental Build of configuration Debug for project Raiden ****
make all 
make: Nothing to be done for `all'.
20:37:30 **** Incremental Build of configuration Debug for project Raiden ****
make all 
make: Nothing to be done for `all'.
